<!doctype html public "-//w3c//dtd html 4.0 transitional//en">
<html><head>
<title>Static Call Graph - [.\Output\Objects\battery_info_collect.axf]</title></head>
<body><HR>
<H1>Static Call Graph for image .\Output\Objects\battery_info_collect.axf</H1><HR>
<BR><P>#&#060CALLGRAPH&#062# ARM Linker, 5060960: Last Updated: Fri Jul 11 18:11:28 2025
<BR><P>
<H3>Maximum Stack Usage =        704 bytes + Unknown(Cycles, Untraceable Function Pointers)</H3><H3>
Call chain for Maximum Stack Depth:</H3>
battery_info_task_callback &rArr; battery_inres_calculate &rArr; average_filter_float_calculate &rArr; __aeabi_dadd &rArr; _double_epilogue &rArr; _double_round
<P>
<H3>
Mutually Recursive functions
</H3> <LI><a href="#[1d]">ADC1_2_IRQHandler</a>&nbsp;&nbsp;&nbsp;&rArr;&nbsp;&nbsp;&nbsp;<a href="#[1d]">ADC1_2_IRQHandler</a><BR>
</UL>
<P>
<H3>
Function Pointers
</H3><UL>
 <LI><a href="#[1d]">ADC1_2_IRQHandler</a> from startup_stm32f30x.o(.text) referenced from startup_stm32f30x.o(RESET)
 <LI><a href="#[3a]">ADC3_IRQHandler</a> from startup_stm32f30x.o(.text) referenced from startup_stm32f30x.o(RESET)
 <LI><a href="#[45]">ADC4_IRQHandler</a> from startup_stm32f30x.o(.text) referenced from startup_stm32f30x.o(RESET)
 <LI><a href="#[5]">BusFault_Handler</a> from stm32f30x_it.o(i.BusFault_Handler) referenced from startup_stm32f30x.o(RESET)
 <LI><a href="#[20]">CAN1_RX1_IRQHandler</a> from startup_stm32f30x.o(.text) referenced from startup_stm32f30x.o(RESET)
 <LI><a href="#[21]">CAN1_SCE_IRQHandler</a> from startup_stm32f30x.o(.text) referenced from startup_stm32f30x.o(RESET)
 <LI><a href="#[46]">COMP1_2_3_IRQHandler</a> from startup_stm32f30x.o(.text) referenced from startup_stm32f30x.o(RESET)
 <LI><a href="#[47]">COMP4_5_6_IRQHandler</a> from startup_stm32f30x.o(.text) referenced from startup_stm32f30x.o(RESET)
 <LI><a href="#[48]">COMP7_IRQHandler</a> from startup_stm32f30x.o(.text) referenced from startup_stm32f30x.o(RESET)
 <LI><a href="#[16]">DMA1_Channel1_IRQHandler</a> from startup_stm32f30x.o(.text) referenced from startup_stm32f30x.o(RESET)
 <LI><a href="#[17]">DMA1_Channel2_IRQHandler</a> from startup_stm32f30x.o(.text) referenced from startup_stm32f30x.o(RESET)
 <LI><a href="#[18]">DMA1_Channel3_IRQHandler</a> from startup_stm32f30x.o(.text) referenced from startup_stm32f30x.o(RESET)
 <LI><a href="#[19]">DMA1_Channel4_IRQHandler</a> from startup_stm32f30x.o(.text) referenced from startup_stm32f30x.o(RESET)
 <LI><a href="#[1a]">DMA1_Channel5_IRQHandler</a> from startup_stm32f30x.o(.text) referenced from startup_stm32f30x.o(RESET)
 <LI><a href="#[1b]">DMA1_Channel6_IRQHandler</a> from startup_stm32f30x.o(.text) referenced from startup_stm32f30x.o(RESET)
 <LI><a href="#[1c]">DMA1_Channel7_IRQHandler</a> from startup_stm32f30x.o(.text) referenced from startup_stm32f30x.o(RESET)
 <LI><a href="#[40]">DMA2_Channel1_IRQHandler</a> from startup_stm32f30x.o(.text) referenced from startup_stm32f30x.o(RESET)
 <LI><a href="#[41]">DMA2_Channel2_IRQHandler</a> from adc.o(i.DMA2_Channel2_IRQHandler) referenced from startup_stm32f30x.o(RESET)
 <LI><a href="#[42]">DMA2_Channel3_IRQHandler</a> from startup_stm32f30x.o(.text) referenced from startup_stm32f30x.o(RESET)
 <LI><a href="#[43]">DMA2_Channel4_IRQHandler</a> from startup_stm32f30x.o(.text) referenced from startup_stm32f30x.o(RESET)
 <LI><a href="#[44]">DMA2_Channel5_IRQHandler</a> from adc.o(i.DMA2_Channel5_IRQHandler) referenced from startup_stm32f30x.o(RESET)
 <LI><a href="#[8]">DebugMon_Handler</a> from stm32f30x_it.o(i.DebugMon_Handler) referenced from startup_stm32f30x.o(RESET)
 <LI><a href="#[11]">EXTI0_IRQHandler</a> from startup_stm32f30x.o(.text) referenced from startup_stm32f30x.o(RESET)
 <LI><a href="#[33]">EXTI15_10_IRQHandler</a> from startup_stm32f30x.o(.text) referenced from startup_stm32f30x.o(RESET)
 <LI><a href="#[12]">EXTI1_IRQHandler</a> from startup_stm32f30x.o(.text) referenced from startup_stm32f30x.o(RESET)
 <LI><a href="#[13]">EXTI2_TS_IRQHandler</a> from startup_stm32f30x.o(.text) referenced from startup_stm32f30x.o(RESET)
 <LI><a href="#[14]">EXTI3_IRQHandler</a> from startup_stm32f30x.o(.text) referenced from startup_stm32f30x.o(RESET)
 <LI><a href="#[15]">EXTI4_IRQHandler</a> from startup_stm32f30x.o(.text) referenced from startup_stm32f30x.o(RESET)
 <LI><a href="#[22]">EXTI9_5_IRQHandler</a> from startup_stm32f30x.o(.text) referenced from startup_stm32f30x.o(RESET)
 <LI><a href="#[f]">FLASH_IRQHandler</a> from startup_stm32f30x.o(.text) referenced from startup_stm32f30x.o(RESET)
 <LI><a href="#[4c]">FPU_IRQHandler</a> from startup_stm32f30x.o(.text) referenced from startup_stm32f30x.o(RESET)
 <LI><a href="#[50]">GXHTC3_task_callback</a> from gxhtc3.o(i.GXHTC3_task_callback) referenced from gxhtc3.o(i.GXHTC3_task)
 <LI><a href="#[3]">HardFault_Handler</a> from stm32f30x_it.o(i.HardFault_Handler) referenced from startup_stm32f30x.o(RESET)
 <LI><a href="#[2b]">I2C1_ER_IRQHandler</a> from startup_stm32f30x.o(.text) referenced from startup_stm32f30x.o(RESET)
 <LI><a href="#[2a]">I2C1_EV_IRQHandler</a> from startup_stm32f30x.o(.text) referenced from startup_stm32f30x.o(RESET)
 <LI><a href="#[2d]">I2C2_ER_IRQHandler</a> from startup_stm32f30x.o(.text) referenced from startup_stm32f30x.o(RESET)
 <LI><a href="#[2c]">I2C2_EV_IRQHandler</a> from startup_stm32f30x.o(.text) referenced from startup_stm32f30x.o(RESET)
 <LI><a href="#[4]">MemManage_Handler</a> from stm32f30x_it.o(i.MemManage_Handler) referenced from startup_stm32f30x.o(RESET)
 <LI><a href="#[2]">NMI_Handler</a> from stm32f30x_it.o(i.NMI_Handler) referenced from startup_stm32f30x.o(RESET)
 <LI><a href="#[51]">NTC_task_callback</a> from ntc.o(i.NTC_task_callback) referenced from ntc.o(i.NTC_task)
 <LI><a href="#[c]">PVD_IRQHandler</a> from startup_stm32f30x.o(.text) referenced from startup_stm32f30x.o(RESET)
 <LI><a href="#[9]">PendSV_Handler</a> from stm32f30x_it.o(i.PendSV_Handler) referenced from startup_stm32f30x.o(RESET)
 <LI><a href="#[10]">RCC_IRQHandler</a> from startup_stm32f30x.o(.text) referenced from startup_stm32f30x.o(RESET)
 <LI><a href="#[34]">RTC_Alarm_IRQHandler</a> from startup_stm32f30x.o(.text) referenced from startup_stm32f30x.o(RESET)
 <LI><a href="#[e]">RTC_WKUP_IRQHandler</a> from startup_stm32f30x.o(.text) referenced from startup_stm32f30x.o(RESET)
 <LI><a href="#[1]">Reset_Handler</a> from startup_stm32f30x.o(.text) referenced from startup_stm32f30x.o(RESET)
 <LI><a href="#[2e]">SPI1_IRQHandler</a> from startup_stm32f30x.o(.text) referenced from startup_stm32f30x.o(RESET)
 <LI><a href="#[2f]">SPI2_IRQHandler</a> from startup_stm32f30x.o(.text) referenced from startup_stm32f30x.o(RESET)
 <LI><a href="#[3b]">SPI3_IRQHandler</a> from startup_stm32f30x.o(.text) referenced from startup_stm32f30x.o(RESET)
 <LI><a href="#[7]">SVC_Handler</a> from stm32f30x_it.o(i.SVC_Handler) referenced from startup_stm32f30x.o(RESET)
 <LI><a href="#[a]">SysTick_Handler</a> from stm32f30x_it.o(i.SysTick_Handler) referenced from startup_stm32f30x.o(RESET)
 <LI><a href="#[4e]">SystemInit</a> from system_stm32f30x.o(i.SystemInit) referenced from startup_stm32f30x.o(.text)
 <LI><a href="#[d]">TAMPER_STAMP_IRQHandler</a> from startup_stm32f30x.o(.text) referenced from startup_stm32f30x.o(RESET)
 <LI><a href="#[23]">TIM1_BRK_TIM15_IRQHandler</a> from startup_stm32f30x.o(.text) referenced from startup_stm32f30x.o(RESET)
 <LI><a href="#[26]">TIM1_CC_IRQHandler</a> from startup_stm32f30x.o(.text) referenced from startup_stm32f30x.o(RESET)
 <LI><a href="#[25]">TIM1_TRG_COM_TIM17_IRQHandler</a> from startup_stm32f30x.o(.text) referenced from startup_stm32f30x.o(RESET)
 <LI><a href="#[24]">TIM1_UP_TIM16_IRQHandler</a> from stm32f30x_it.o(i.TIM1_UP_TIM16_IRQHandler) referenced from startup_stm32f30x.o(RESET)
 <LI><a href="#[27]">TIM2_IRQHandler</a> from timer.o(i.TIM2_IRQHandler) referenced from startup_stm32f30x.o(RESET)
 <LI><a href="#[28]">TIM3_IRQHandler</a> from startup_stm32f30x.o(.text) referenced from startup_stm32f30x.o(RESET)
 <LI><a href="#[29]">TIM4_IRQHandler</a> from startup_stm32f30x.o(.text) referenced from startup_stm32f30x.o(RESET)
 <LI><a href="#[3e]">TIM6_DAC_IRQHandler</a> from startup_stm32f30x.o(.text) referenced from startup_stm32f30x.o(RESET)
 <LI><a href="#[3f]">TIM7_IRQHandler</a> from startup_stm32f30x.o(.text) referenced from startup_stm32f30x.o(RESET)
 <LI><a href="#[36]">TIM8_BRK_IRQHandler</a> from startup_stm32f30x.o(.text) referenced from startup_stm32f30x.o(RESET)
 <LI><a href="#[39]">TIM8_CC_IRQHandler</a> from startup_stm32f30x.o(.text) referenced from startup_stm32f30x.o(RESET)
 <LI><a href="#[38]">TIM8_TRG_COM_IRQHandler</a> from startup_stm32f30x.o(.text) referenced from startup_stm32f30x.o(RESET)
 <LI><a href="#[37]">TIM8_UP_IRQHandler</a> from startup_stm32f30x.o(.text) referenced from startup_stm32f30x.o(RESET)
 <LI><a href="#[3c]">UART4_IRQHandler</a> from startup_stm32f30x.o(.text) referenced from startup_stm32f30x.o(RESET)
 <LI><a href="#[3d]">UART5_IRQHandler</a> from startup_stm32f30x.o(.text) referenced from startup_stm32f30x.o(RESET)
 <LI><a href="#[30]">USART1_IRQHandler</a> from startup_stm32f30x.o(.text) referenced from startup_stm32f30x.o(RESET)
 <LI><a href="#[31]">USART2_IRQHandler</a> from uart.o(i.USART2_IRQHandler) referenced from startup_stm32f30x.o(RESET)
 <LI><a href="#[32]">USART3_IRQHandler</a> from startup_stm32f30x.o(.text) referenced from startup_stm32f30x.o(RESET)
 <LI><a href="#[35]">USBWakeUp_IRQHandler</a> from startup_stm32f30x.o(.text) referenced from startup_stm32f30x.o(RESET)
 <LI><a href="#[4b]">USBWakeUp_RMP_IRQHandler</a> from startup_stm32f30x.o(.text) referenced from startup_stm32f30x.o(RESET)
 <LI><a href="#[1e]">USB_HP_CAN1_TX_IRQHandler</a> from startup_stm32f30x.o(.text) referenced from startup_stm32f30x.o(RESET)
 <LI><a href="#[49]">USB_HP_IRQHandler</a> from startup_stm32f30x.o(.text) referenced from startup_stm32f30x.o(RESET)
 <LI><a href="#[1f]">USB_LP_CAN1_RX0_IRQHandler</a> from startup_stm32f30x.o(.text) referenced from startup_stm32f30x.o(RESET)
 <LI><a href="#[4a]">USB_LP_IRQHandler</a> from startup_stm32f30x.o(.text) referenced from startup_stm32f30x.o(RESET)
 <LI><a href="#[6]">UsageFault_Handler</a> from stm32f30x_it.o(i.UsageFault_Handler) referenced from startup_stm32f30x.o(RESET)
 <LI><a href="#[b]">WWDG_IRQHandler</a> from startup_stm32f30x.o(.text) referenced from startup_stm32f30x.o(RESET)
 <LI><a href="#[4f]">__main</a> from entry.o(.ARM.Collect$$$$00000000) referenced from startup_stm32f30x.o(.text)
 <LI><a href="#[52]">battery_info_task_callback</a> from battery_info.o(i.battery_info_task_callback) referenced from battery_info.o(i.battery_info_task)
 <LI><a href="#[53]">gas_task_callback</a> from gas.o(i.gas_task_callback) referenced from gas.o(i.gas_task)
 <LI><a href="#[54]">led_task_callback</a> from led.o(i.led_task_callback) referenced from led.o(i.led_task)
 <LI><a href="#[4d]">main</a> from main.o(i.main) referenced from entry9a.o(.ARM.Collect$$$$0000000B)
 <LI><a href="#[56]">si2c_devcie_stop</a> from si2c.o(i.si2c_devcie_stop) referenced from si2c.o(.data)
 <LI><a href="#[5a]">si2c_device_recive_ack</a> from si2c.o(i.si2c_device_recive_ack) referenced from si2c.o(.data)
 <LI><a href="#[59]">si2c_device_send_ack</a> from si2c.o(i.si2c_device_send_ack) referenced from si2c.o(.data)
 <LI><a href="#[55]">si2c_device_start</a> from si2c.o(i.si2c_device_start) referenced from si2c.o(.data)
 <LI><a href="#[57]">si2c_device_write_byte</a> from si2c.o(i.si2c_device_write_byte) referenced from si2c.o(.data)
 <LI><a href="#[58]">sim_i2c_read_byte</a> from si2c.o(i.sim_i2c_read_byte) referenced from si2c.o(.data)
</UL>
<P>
<H3>
Global Symbols
</H3>
<P><STRONG><a name="[4f]"></a>__main</STRONG> (Thumb, 0 bytes, Stack size unknown bytes, entry.o(.ARM.Collect$$$$00000000))
<BR>[Address Reference Count : 1]<UL><LI> startup_stm32f30x.o(.text)
</UL>
<P><STRONG><a name="[113]"></a>_main_stk</STRONG> (Thumb, 0 bytes, Stack size unknown bytes, entry2.o(.ARM.Collect$$$$00000001))

<P><STRONG><a name="[5b]"></a>_main_scatterload</STRONG> (Thumb, 0 bytes, Stack size unknown bytes, entry5.o(.ARM.Collect$$$$00000004))
<BR><BR>[Calls]<UL><LI><a href="#[5c]">&gt;&gt;</a>&nbsp;&nbsp;&nbsp;__scatterload
</UL>

<P><STRONG><a name="[6e]"></a>__main_after_scatterload</STRONG> (Thumb, 0 bytes, Stack size unknown bytes, entry5.o(.ARM.Collect$$$$00000004))
<BR><BR>[Called By]<UL><LI><a href="#[5c]">&gt;&gt;</a>&nbsp;&nbsp;&nbsp;__scatterload
</UL>

<P><STRONG><a name="[114]"></a>_main_clock</STRONG> (Thumb, 0 bytes, Stack size unknown bytes, entry7b.o(.ARM.Collect$$$$00000008))

<P><STRONG><a name="[115]"></a>_main_cpp_init</STRONG> (Thumb, 0 bytes, Stack size unknown bytes, entry8b.o(.ARM.Collect$$$$0000000A))

<P><STRONG><a name="[116]"></a>_main_init</STRONG> (Thumb, 0 bytes, Stack size unknown bytes, entry9a.o(.ARM.Collect$$$$0000000B))

<P><STRONG><a name="[117]"></a>__rt_lib_shutdown_fini</STRONG> (Thumb, 0 bytes, Stack size unknown bytes, entry12b.o(.ARM.Collect$$$$0000000E))

<P><STRONG><a name="[118]"></a>__rt_final_cpp</STRONG> (Thumb, 0 bytes, Stack size unknown bytes, entry10a.o(.ARM.Collect$$$$0000000F))

<P><STRONG><a name="[119]"></a>__rt_final_exit</STRONG> (Thumb, 0 bytes, Stack size unknown bytes, entry11a.o(.ARM.Collect$$$$00000011))

<P><STRONG><a name="[1]"></a>Reset_Handler</STRONG> (Thumb, 8 bytes, Stack size 0 bytes, startup_stm32f30x.o(.text))
<BR>[Address Reference Count : 1]<UL><LI> startup_stm32f30x.o(RESET)
</UL>
<P><STRONG><a name="[1d]"></a>ADC1_2_IRQHandler</STRONG> (Thumb, 0 bytes, Stack size 0 bytes, startup_stm32f30x.o(.text))
<BR><BR>[Calls]<UL><LI><a href="#[1d]">&gt;&gt;</a>&nbsp;&nbsp;&nbsp;ADC1_2_IRQHandler
</UL>
<BR>[Called By]<UL><LI><a href="#[1d]">&gt;&gt;</a>&nbsp;&nbsp;&nbsp;ADC1_2_IRQHandler
</UL>
<BR>[Address Reference Count : 1]<UL><LI> startup_stm32f30x.o(RESET)
</UL>
<P><STRONG><a name="[3a]"></a>ADC3_IRQHandler</STRONG> (Thumb, 0 bytes, Stack size 0 bytes, startup_stm32f30x.o(.text))
<BR>[Address Reference Count : 1]<UL><LI> startup_stm32f30x.o(RESET)
</UL>
<P><STRONG><a name="[45]"></a>ADC4_IRQHandler</STRONG> (Thumb, 0 bytes, Stack size 0 bytes, startup_stm32f30x.o(.text))
<BR>[Address Reference Count : 1]<UL><LI> startup_stm32f30x.o(RESET)
</UL>
<P><STRONG><a name="[20]"></a>CAN1_RX1_IRQHandler</STRONG> (Thumb, 0 bytes, Stack size 0 bytes, startup_stm32f30x.o(.text))
<BR>[Address Reference Count : 1]<UL><LI> startup_stm32f30x.o(RESET)
</UL>
<P><STRONG><a name="[21]"></a>CAN1_SCE_IRQHandler</STRONG> (Thumb, 0 bytes, Stack size 0 bytes, startup_stm32f30x.o(.text))
<BR>[Address Reference Count : 1]<UL><LI> startup_stm32f30x.o(RESET)
</UL>
<P><STRONG><a name="[46]"></a>COMP1_2_3_IRQHandler</STRONG> (Thumb, 0 bytes, Stack size 0 bytes, startup_stm32f30x.o(.text))
<BR>[Address Reference Count : 1]<UL><LI> startup_stm32f30x.o(RESET)
</UL>
<P><STRONG><a name="[47]"></a>COMP4_5_6_IRQHandler</STRONG> (Thumb, 0 bytes, Stack size 0 bytes, startup_stm32f30x.o(.text))
<BR>[Address Reference Count : 1]<UL><LI> startup_stm32f30x.o(RESET)
</UL>
<P><STRONG><a name="[48]"></a>COMP7_IRQHandler</STRONG> (Thumb, 0 bytes, Stack size 0 bytes, startup_stm32f30x.o(.text))
<BR>[Address Reference Count : 1]<UL><LI> startup_stm32f30x.o(RESET)
</UL>
<P><STRONG><a name="[16]"></a>DMA1_Channel1_IRQHandler</STRONG> (Thumb, 0 bytes, Stack size 0 bytes, startup_stm32f30x.o(.text))
<BR>[Address Reference Count : 1]<UL><LI> startup_stm32f30x.o(RESET)
</UL>
<P><STRONG><a name="[17]"></a>DMA1_Channel2_IRQHandler</STRONG> (Thumb, 0 bytes, Stack size 0 bytes, startup_stm32f30x.o(.text))
<BR>[Address Reference Count : 1]<UL><LI> startup_stm32f30x.o(RESET)
</UL>
<P><STRONG><a name="[18]"></a>DMA1_Channel3_IRQHandler</STRONG> (Thumb, 0 bytes, Stack size 0 bytes, startup_stm32f30x.o(.text))
<BR>[Address Reference Count : 1]<UL><LI> startup_stm32f30x.o(RESET)
</UL>
<P><STRONG><a name="[19]"></a>DMA1_Channel4_IRQHandler</STRONG> (Thumb, 0 bytes, Stack size 0 bytes, startup_stm32f30x.o(.text))
<BR>[Address Reference Count : 1]<UL><LI> startup_stm32f30x.o(RESET)
</UL>
<P><STRONG><a name="[1a]"></a>DMA1_Channel5_IRQHandler</STRONG> (Thumb, 0 bytes, Stack size 0 bytes, startup_stm32f30x.o(.text))
<BR>[Address Reference Count : 1]<UL><LI> startup_stm32f30x.o(RESET)
</UL>
<P><STRONG><a name="[1b]"></a>DMA1_Channel6_IRQHandler</STRONG> (Thumb, 0 bytes, Stack size 0 bytes, startup_stm32f30x.o(.text))
<BR>[Address Reference Count : 1]<UL><LI> startup_stm32f30x.o(RESET)
</UL>
<P><STRONG><a name="[1c]"></a>DMA1_Channel7_IRQHandler</STRONG> (Thumb, 0 bytes, Stack size 0 bytes, startup_stm32f30x.o(.text))
<BR>[Address Reference Count : 1]<UL><LI> startup_stm32f30x.o(RESET)
</UL>
<P><STRONG><a name="[40]"></a>DMA2_Channel1_IRQHandler</STRONG> (Thumb, 0 bytes, Stack size 0 bytes, startup_stm32f30x.o(.text))
<BR>[Address Reference Count : 1]<UL><LI> startup_stm32f30x.o(RESET)
</UL>
<P><STRONG><a name="[42]"></a>DMA2_Channel3_IRQHandler</STRONG> (Thumb, 0 bytes, Stack size 0 bytes, startup_stm32f30x.o(.text))
<BR>[Address Reference Count : 1]<UL><LI> startup_stm32f30x.o(RESET)
</UL>
<P><STRONG><a name="[43]"></a>DMA2_Channel4_IRQHandler</STRONG> (Thumb, 0 bytes, Stack size 0 bytes, startup_stm32f30x.o(.text))
<BR>[Address Reference Count : 1]<UL><LI> startup_stm32f30x.o(RESET)
</UL>
<P><STRONG><a name="[11]"></a>EXTI0_IRQHandler</STRONG> (Thumb, 0 bytes, Stack size 0 bytes, startup_stm32f30x.o(.text))
<BR>[Address Reference Count : 1]<UL><LI> startup_stm32f30x.o(RESET)
</UL>
<P><STRONG><a name="[33]"></a>EXTI15_10_IRQHandler</STRONG> (Thumb, 0 bytes, Stack size 0 bytes, startup_stm32f30x.o(.text))
<BR>[Address Reference Count : 1]<UL><LI> startup_stm32f30x.o(RESET)
</UL>
<P><STRONG><a name="[12]"></a>EXTI1_IRQHandler</STRONG> (Thumb, 0 bytes, Stack size 0 bytes, startup_stm32f30x.o(.text))
<BR>[Address Reference Count : 1]<UL><LI> startup_stm32f30x.o(RESET)
</UL>
<P><STRONG><a name="[13]"></a>EXTI2_TS_IRQHandler</STRONG> (Thumb, 0 bytes, Stack size 0 bytes, startup_stm32f30x.o(.text))
<BR>[Address Reference Count : 1]<UL><LI> startup_stm32f30x.o(RESET)
</UL>
<P><STRONG><a name="[14]"></a>EXTI3_IRQHandler</STRONG> (Thumb, 0 bytes, Stack size 0 bytes, startup_stm32f30x.o(.text))
<BR>[Address Reference Count : 1]<UL><LI> startup_stm32f30x.o(RESET)
</UL>
<P><STRONG><a name="[15]"></a>EXTI4_IRQHandler</STRONG> (Thumb, 0 bytes, Stack size 0 bytes, startup_stm32f30x.o(.text))
<BR>[Address Reference Count : 1]<UL><LI> startup_stm32f30x.o(RESET)
</UL>
<P><STRONG><a name="[22]"></a>EXTI9_5_IRQHandler</STRONG> (Thumb, 0 bytes, Stack size 0 bytes, startup_stm32f30x.o(.text))
<BR>[Address Reference Count : 1]<UL><LI> startup_stm32f30x.o(RESET)
</UL>
<P><STRONG><a name="[f]"></a>FLASH_IRQHandler</STRONG> (Thumb, 0 bytes, Stack size 0 bytes, startup_stm32f30x.o(.text))
<BR>[Address Reference Count : 1]<UL><LI> startup_stm32f30x.o(RESET)
</UL>
<P><STRONG><a name="[4c]"></a>FPU_IRQHandler</STRONG> (Thumb, 0 bytes, Stack size 0 bytes, startup_stm32f30x.o(.text))
<BR>[Address Reference Count : 1]<UL><LI> startup_stm32f30x.o(RESET)
</UL>
<P><STRONG><a name="[2b]"></a>I2C1_ER_IRQHandler</STRONG> (Thumb, 0 bytes, Stack size 0 bytes, startup_stm32f30x.o(.text))
<BR>[Address Reference Count : 1]<UL><LI> startup_stm32f30x.o(RESET)
</UL>
<P><STRONG><a name="[2a]"></a>I2C1_EV_IRQHandler</STRONG> (Thumb, 0 bytes, Stack size 0 bytes, startup_stm32f30x.o(.text))
<BR>[Address Reference Count : 1]<UL><LI> startup_stm32f30x.o(RESET)
</UL>
<P><STRONG><a name="[2d]"></a>I2C2_ER_IRQHandler</STRONG> (Thumb, 0 bytes, Stack size 0 bytes, startup_stm32f30x.o(.text))
<BR>[Address Reference Count : 1]<UL><LI> startup_stm32f30x.o(RESET)
</UL>
<P><STRONG><a name="[2c]"></a>I2C2_EV_IRQHandler</STRONG> (Thumb, 0 bytes, Stack size 0 bytes, startup_stm32f30x.o(.text))
<BR>[Address Reference Count : 1]<UL><LI> startup_stm32f30x.o(RESET)
</UL>
<P><STRONG><a name="[c]"></a>PVD_IRQHandler</STRONG> (Thumb, 0 bytes, Stack size 0 bytes, startup_stm32f30x.o(.text))
<BR>[Address Reference Count : 1]<UL><LI> startup_stm32f30x.o(RESET)
</UL>
<P><STRONG><a name="[10]"></a>RCC_IRQHandler</STRONG> (Thumb, 0 bytes, Stack size 0 bytes, startup_stm32f30x.o(.text))
<BR>[Address Reference Count : 1]<UL><LI> startup_stm32f30x.o(RESET)
</UL>
<P><STRONG><a name="[34]"></a>RTC_Alarm_IRQHandler</STRONG> (Thumb, 0 bytes, Stack size 0 bytes, startup_stm32f30x.o(.text))
<BR>[Address Reference Count : 1]<UL><LI> startup_stm32f30x.o(RESET)
</UL>
<P><STRONG><a name="[e]"></a>RTC_WKUP_IRQHandler</STRONG> (Thumb, 0 bytes, Stack size 0 bytes, startup_stm32f30x.o(.text))
<BR>[Address Reference Count : 1]<UL><LI> startup_stm32f30x.o(RESET)
</UL>
<P><STRONG><a name="[2e]"></a>SPI1_IRQHandler</STRONG> (Thumb, 0 bytes, Stack size 0 bytes, startup_stm32f30x.o(.text))
<BR>[Address Reference Count : 1]<UL><LI> startup_stm32f30x.o(RESET)
</UL>
<P><STRONG><a name="[2f]"></a>SPI2_IRQHandler</STRONG> (Thumb, 0 bytes, Stack size 0 bytes, startup_stm32f30x.o(.text))
<BR>[Address Reference Count : 1]<UL><LI> startup_stm32f30x.o(RESET)
</UL>
<P><STRONG><a name="[3b]"></a>SPI3_IRQHandler</STRONG> (Thumb, 0 bytes, Stack size 0 bytes, startup_stm32f30x.o(.text))
<BR>[Address Reference Count : 1]<UL><LI> startup_stm32f30x.o(RESET)
</UL>
<P><STRONG><a name="[d]"></a>TAMPER_STAMP_IRQHandler</STRONG> (Thumb, 0 bytes, Stack size 0 bytes, startup_stm32f30x.o(.text))
<BR>[Address Reference Count : 1]<UL><LI> startup_stm32f30x.o(RESET)
</UL>
<P><STRONG><a name="[23]"></a>TIM1_BRK_TIM15_IRQHandler</STRONG> (Thumb, 0 bytes, Stack size 0 bytes, startup_stm32f30x.o(.text))
<BR>[Address Reference Count : 1]<UL><LI> startup_stm32f30x.o(RESET)
</UL>
<P><STRONG><a name="[26]"></a>TIM1_CC_IRQHandler</STRONG> (Thumb, 0 bytes, Stack size 0 bytes, startup_stm32f30x.o(.text))
<BR>[Address Reference Count : 1]<UL><LI> startup_stm32f30x.o(RESET)
</UL>
<P><STRONG><a name="[25]"></a>TIM1_TRG_COM_TIM17_IRQHandler</STRONG> (Thumb, 0 bytes, Stack size 0 bytes, startup_stm32f30x.o(.text))
<BR>[Address Reference Count : 1]<UL><LI> startup_stm32f30x.o(RESET)
</UL>
<P><STRONG><a name="[28]"></a>TIM3_IRQHandler</STRONG> (Thumb, 0 bytes, Stack size 0 bytes, startup_stm32f30x.o(.text))
<BR>[Address Reference Count : 1]<UL><LI> startup_stm32f30x.o(RESET)
</UL>
<P><STRONG><a name="[29]"></a>TIM4_IRQHandler</STRONG> (Thumb, 0 bytes, Stack size 0 bytes, startup_stm32f30x.o(.text))
<BR>[Address Reference Count : 1]<UL><LI> startup_stm32f30x.o(RESET)
</UL>
<P><STRONG><a name="[3e]"></a>TIM6_DAC_IRQHandler</STRONG> (Thumb, 0 bytes, Stack size 0 bytes, startup_stm32f30x.o(.text))
<BR>[Address Reference Count : 1]<UL><LI> startup_stm32f30x.o(RESET)
</UL>
<P><STRONG><a name="[3f]"></a>TIM7_IRQHandler</STRONG> (Thumb, 0 bytes, Stack size 0 bytes, startup_stm32f30x.o(.text))
<BR>[Address Reference Count : 1]<UL><LI> startup_stm32f30x.o(RESET)
</UL>
<P><STRONG><a name="[36]"></a>TIM8_BRK_IRQHandler</STRONG> (Thumb, 0 bytes, Stack size 0 bytes, startup_stm32f30x.o(.text))
<BR>[Address Reference Count : 1]<UL><LI> startup_stm32f30x.o(RESET)
</UL>
<P><STRONG><a name="[39]"></a>TIM8_CC_IRQHandler</STRONG> (Thumb, 0 bytes, Stack size 0 bytes, startup_stm32f30x.o(.text))
<BR>[Address Reference Count : 1]<UL><LI> startup_stm32f30x.o(RESET)
</UL>
<P><STRONG><a name="[38]"></a>TIM8_TRG_COM_IRQHandler</STRONG> (Thumb, 0 bytes, Stack size 0 bytes, startup_stm32f30x.o(.text))
<BR>[Address Reference Count : 1]<UL><LI> startup_stm32f30x.o(RESET)
</UL>
<P><STRONG><a name="[37]"></a>TIM8_UP_IRQHandler</STRONG> (Thumb, 0 bytes, Stack size 0 bytes, startup_stm32f30x.o(.text))
<BR>[Address Reference Count : 1]<UL><LI> startup_stm32f30x.o(RESET)
</UL>
<P><STRONG><a name="[3c]"></a>UART4_IRQHandler</STRONG> (Thumb, 0 bytes, Stack size 0 bytes, startup_stm32f30x.o(.text))
<BR>[Address Reference Count : 1]<UL><LI> startup_stm32f30x.o(RESET)
</UL>
<P><STRONG><a name="[3d]"></a>UART5_IRQHandler</STRONG> (Thumb, 0 bytes, Stack size 0 bytes, startup_stm32f30x.o(.text))
<BR>[Address Reference Count : 1]<UL><LI> startup_stm32f30x.o(RESET)
</UL>
<P><STRONG><a name="[30]"></a>USART1_IRQHandler</STRONG> (Thumb, 0 bytes, Stack size 0 bytes, startup_stm32f30x.o(.text))
<BR>[Address Reference Count : 1]<UL><LI> startup_stm32f30x.o(RESET)
</UL>
<P><STRONG><a name="[32]"></a>USART3_IRQHandler</STRONG> (Thumb, 0 bytes, Stack size 0 bytes, startup_stm32f30x.o(.text))
<BR>[Address Reference Count : 1]<UL><LI> startup_stm32f30x.o(RESET)
</UL>
<P><STRONG><a name="[35]"></a>USBWakeUp_IRQHandler</STRONG> (Thumb, 0 bytes, Stack size 0 bytes, startup_stm32f30x.o(.text))
<BR>[Address Reference Count : 1]<UL><LI> startup_stm32f30x.o(RESET)
</UL>
<P><STRONG><a name="[4b]"></a>USBWakeUp_RMP_IRQHandler</STRONG> (Thumb, 0 bytes, Stack size 0 bytes, startup_stm32f30x.o(.text))
<BR>[Address Reference Count : 1]<UL><LI> startup_stm32f30x.o(RESET)
</UL>
<P><STRONG><a name="[1e]"></a>USB_HP_CAN1_TX_IRQHandler</STRONG> (Thumb, 0 bytes, Stack size 0 bytes, startup_stm32f30x.o(.text))
<BR>[Address Reference Count : 1]<UL><LI> startup_stm32f30x.o(RESET)
</UL>
<P><STRONG><a name="[49]"></a>USB_HP_IRQHandler</STRONG> (Thumb, 0 bytes, Stack size 0 bytes, startup_stm32f30x.o(.text))
<BR>[Address Reference Count : 1]<UL><LI> startup_stm32f30x.o(RESET)
</UL>
<P><STRONG><a name="[1f]"></a>USB_LP_CAN1_RX0_IRQHandler</STRONG> (Thumb, 0 bytes, Stack size 0 bytes, startup_stm32f30x.o(.text))
<BR>[Address Reference Count : 1]<UL><LI> startup_stm32f30x.o(RESET)
</UL>
<P><STRONG><a name="[4a]"></a>USB_LP_IRQHandler</STRONG> (Thumb, 0 bytes, Stack size 0 bytes, startup_stm32f30x.o(.text))
<BR>[Address Reference Count : 1]<UL><LI> startup_stm32f30x.o(RESET)
</UL>
<P><STRONG><a name="[b]"></a>WWDG_IRQHandler</STRONG> (Thumb, 0 bytes, Stack size 0 bytes, startup_stm32f30x.o(.text))
<BR>[Address Reference Count : 1]<UL><LI> startup_stm32f30x.o(RESET)
</UL>
<P><STRONG><a name="[fc]"></a>__aeabi_memcpy</STRONG> (Thumb, 36 bytes, Stack size 0 bytes, memcpya.o(.text))
<BR><BR>[Called By]<UL><LI><a href="#[fb]">&gt;&gt;</a>&nbsp;&nbsp;&nbsp;modbus_write_ack
<LI><a href="#[80]">&gt;&gt;</a>&nbsp;&nbsp;&nbsp;modbus_reg_write
<LI><a href="#[fa]">&gt;&gt;</a>&nbsp;&nbsp;&nbsp;modbus_read_ack
</UL>

<P><STRONG><a name="[11a]"></a>__aeabi_memcpy4</STRONG> (Thumb, 0 bytes, Stack size 0 bytes, memcpya.o(.text), UNUSED)

<P><STRONG><a name="[11b]"></a>__aeabi_memcpy8</STRONG> (Thumb, 0 bytes, Stack size 0 bytes, memcpya.o(.text), UNUSED)

<P><STRONG><a name="[5e]"></a>__aeabi_memset</STRONG> (Thumb, 14 bytes, Stack size 0 bytes, memseta.o(.text), UNUSED)
<BR><BR>[Called By]<UL><LI><a href="#[5f]">&gt;&gt;</a>&nbsp;&nbsp;&nbsp;_memset$wrapper
<LI><a href="#[5d]">&gt;&gt;</a>&nbsp;&nbsp;&nbsp;__aeabi_memclr
</UL>

<P><STRONG><a name="[11c]"></a>__aeabi_memset4</STRONG> (Thumb, 0 bytes, Stack size 0 bytes, memseta.o(.text), UNUSED)

<P><STRONG><a name="[11d]"></a>__aeabi_memset8</STRONG> (Thumb, 0 bytes, Stack size 0 bytes, memseta.o(.text), UNUSED)

<P><STRONG><a name="[5d]"></a>__aeabi_memclr</STRONG> (Thumb, 4 bytes, Stack size 0 bytes, memseta.o(.text), UNUSED)
<BR><BR>[Calls]<UL><LI><a href="#[5e]">&gt;&gt;</a>&nbsp;&nbsp;&nbsp;__aeabi_memset
</UL>

<P><STRONG><a name="[ca]"></a>__aeabi_memclr4</STRONG> (Thumb, 0 bytes, Stack size 0 bytes, memseta.o(.text))
<BR><BR>[Called By]<UL><LI><a href="#[fb]">&gt;&gt;</a>&nbsp;&nbsp;&nbsp;modbus_write_ack
<LI><a href="#[fa]">&gt;&gt;</a>&nbsp;&nbsp;&nbsp;modbus_read_ack
<LI><a href="#[f7]">&gt;&gt;</a>&nbsp;&nbsp;&nbsp;modbus_error_ask
<LI><a href="#[c9]">&gt;&gt;</a>&nbsp;&nbsp;&nbsp;battery_inres_calculate
</UL>

<P><STRONG><a name="[11e]"></a>__aeabi_memclr8</STRONG> (Thumb, 0 bytes, Stack size 0 bytes, memseta.o(.text), UNUSED)

<P><STRONG><a name="[5f]"></a>_memset$wrapper</STRONG> (Thumb, 18 bytes, Stack size 8 bytes, memseta.o(.text), UNUSED)
<BR><BR>[Calls]<UL><LI><a href="#[5e]">&gt;&gt;</a>&nbsp;&nbsp;&nbsp;__aeabi_memset
</UL>

<P><STRONG><a name="[60]"></a>__aeabi_dadd</STRONG> (Thumb, 322 bytes, Stack size 48 bytes, dadd.o(.text))
<BR><BR>[Stack]<UL><LI>Max Depth = 88<LI>Call Chain = __aeabi_dadd &rArr; _double_epilogue &rArr; _double_round
</UL>
<BR>[Calls]<UL><LI><a href="#[62]">&gt;&gt;</a>&nbsp;&nbsp;&nbsp;__aeabi_lasr
<LI><a href="#[61]">&gt;&gt;</a>&nbsp;&nbsp;&nbsp;__aeabi_llsl
<LI><a href="#[64]">&gt;&gt;</a>&nbsp;&nbsp;&nbsp;_double_round
<LI><a href="#[63]">&gt;&gt;</a>&nbsp;&nbsp;&nbsp;_double_epilogue
</UL>
<BR>[Called By]<UL><LI><a href="#[66]">&gt;&gt;</a>&nbsp;&nbsp;&nbsp;__aeabi_drsub
<LI><a href="#[9a]">&gt;&gt;</a>&nbsp;&nbsp;&nbsp;__hardfp_pow
<LI><a href="#[65]">&gt;&gt;</a>&nbsp;&nbsp;&nbsp;__aeabi_dsub
<LI><a href="#[8b]">&gt;&gt;</a>&nbsp;&nbsp;&nbsp;average_filter_float_calculate
<LI><a href="#[a3]">&gt;&gt;</a>&nbsp;&nbsp;&nbsp;__kernel_poly
<LI><a href="#[9b]">&gt;&gt;</a>&nbsp;&nbsp;&nbsp;__mathlib_dbl_infnan2
</UL>

<P><STRONG><a name="[65]"></a>__aeabi_dsub</STRONG> (Thumb, 6 bytes, Stack size 0 bytes, dadd.o(.text))
<BR><BR>[Stack]<UL><LI>Max Depth = 88<LI>Call Chain = __aeabi_dsub &rArr; __aeabi_dadd &rArr; _double_epilogue &rArr; _double_round
</UL>
<BR>[Calls]<UL><LI><a href="#[60]">&gt;&gt;</a>&nbsp;&nbsp;&nbsp;__aeabi_dadd
</UL>
<BR>[Called By]<UL><LI><a href="#[9a]">&gt;&gt;</a>&nbsp;&nbsp;&nbsp;__hardfp_pow
<LI><a href="#[8b]">&gt;&gt;</a>&nbsp;&nbsp;&nbsp;average_filter_float_calculate
</UL>

<P><STRONG><a name="[66]"></a>__aeabi_drsub</STRONG> (Thumb, 6 bytes, Stack size 0 bytes, dadd.o(.text))
<BR><BR>[Stack]<UL><LI>Max Depth = 88<LI>Call Chain = __aeabi_drsub &rArr; __aeabi_dadd &rArr; _double_epilogue &rArr; _double_round
</UL>
<BR>[Calls]<UL><LI><a href="#[60]">&gt;&gt;</a>&nbsp;&nbsp;&nbsp;__aeabi_dadd
</UL>
<BR>[Called By]<UL><LI><a href="#[9a]">&gt;&gt;</a>&nbsp;&nbsp;&nbsp;__hardfp_pow
</UL>

<P><STRONG><a name="[67]"></a>__aeabi_dmul</STRONG> (Thumb, 228 bytes, Stack size 48 bytes, dmul.o(.text))
<BR><BR>[Stack]<UL><LI>Max Depth = 88<LI>Call Chain = __aeabi_dmul &rArr; _double_epilogue &rArr; _double_round
</UL>
<BR>[Calls]<UL><LI><a href="#[63]">&gt;&gt;</a>&nbsp;&nbsp;&nbsp;_double_epilogue
</UL>
<BR>[Called By]<UL><LI><a href="#[9a]">&gt;&gt;</a>&nbsp;&nbsp;&nbsp;__hardfp_pow
<LI><a href="#[e2]">&gt;&gt;</a>&nbsp;&nbsp;&nbsp;gas_h2_selfcheck
<LI><a href="#[de]">&gt;&gt;</a>&nbsp;&nbsp;&nbsp;gas_h2_calculate
<LI><a href="#[dd]">&gt;&gt;</a>&nbsp;&nbsp;&nbsp;gas_co_selfcheck
<LI><a href="#[d8]">&gt;&gt;</a>&nbsp;&nbsp;&nbsp;gas_co_calculate
<LI><a href="#[a3]">&gt;&gt;</a>&nbsp;&nbsp;&nbsp;__kernel_poly
<LI><a href="#[a2]">&gt;&gt;</a>&nbsp;&nbsp;&nbsp;__mathlib_dbl_underflow
<LI><a href="#[9e]">&gt;&gt;</a>&nbsp;&nbsp;&nbsp;__mathlib_dbl_overflow
</UL>

<P><STRONG><a name="[68]"></a>__aeabi_ddiv</STRONG> (Thumb, 222 bytes, Stack size 32 bytes, ddiv.o(.text))
<BR><BR>[Stack]<UL><LI>Max Depth = 40<LI>Call Chain = __aeabi_ddiv &rArr; _double_round
</UL>
<BR>[Calls]<UL><LI><a href="#[64]">&gt;&gt;</a>&nbsp;&nbsp;&nbsp;_double_round
</UL>
<BR>[Called By]<UL><LI><a href="#[9a]">&gt;&gt;</a>&nbsp;&nbsp;&nbsp;__hardfp_pow
<LI><a href="#[e2]">&gt;&gt;</a>&nbsp;&nbsp;&nbsp;gas_h2_selfcheck
<LI><a href="#[de]">&gt;&gt;</a>&nbsp;&nbsp;&nbsp;gas_h2_calculate
<LI><a href="#[dd]">&gt;&gt;</a>&nbsp;&nbsp;&nbsp;gas_co_selfcheck
<LI><a href="#[d8]">&gt;&gt;</a>&nbsp;&nbsp;&nbsp;gas_co_calculate
<LI><a href="#[8b]">&gt;&gt;</a>&nbsp;&nbsp;&nbsp;average_filter_float_calculate
<LI><a href="#[a1]">&gt;&gt;</a>&nbsp;&nbsp;&nbsp;__mathlib_dbl_invalid
<LI><a href="#[9d]">&gt;&gt;</a>&nbsp;&nbsp;&nbsp;__mathlib_dbl_divzero
</UL>

<P><STRONG><a name="[69]"></a>__aeabi_i2d</STRONG> (Thumb, 34 bytes, Stack size 16 bytes, dflti.o(.text))
<BR><BR>[Stack]<UL><LI>Max Depth = 56<LI>Call Chain = __aeabi_i2d &rArr; _double_epilogue &rArr; _double_round
</UL>
<BR>[Calls]<UL><LI><a href="#[63]">&gt;&gt;</a>&nbsp;&nbsp;&nbsp;_double_epilogue
</UL>
<BR>[Called By]<UL><LI><a href="#[9a]">&gt;&gt;</a>&nbsp;&nbsp;&nbsp;__hardfp_pow
<LI><a href="#[8b]">&gt;&gt;</a>&nbsp;&nbsp;&nbsp;average_filter_float_calculate
</UL>

<P><STRONG><a name="[6a]"></a>__aeabi_ui2d</STRONG> (Thumb, 26 bytes, Stack size 16 bytes, dfltui.o(.text))
<BR><BR>[Stack]<UL><LI>Max Depth = 56<LI>Call Chain = __aeabi_ui2d &rArr; _double_epilogue &rArr; _double_round
</UL>
<BR>[Calls]<UL><LI><a href="#[63]">&gt;&gt;</a>&nbsp;&nbsp;&nbsp;_double_epilogue
</UL>
<BR>[Called By]<UL><LI><a href="#[e2]">&gt;&gt;</a>&nbsp;&nbsp;&nbsp;gas_h2_selfcheck
<LI><a href="#[de]">&gt;&gt;</a>&nbsp;&nbsp;&nbsp;gas_h2_calculate
<LI><a href="#[dd]">&gt;&gt;</a>&nbsp;&nbsp;&nbsp;gas_co_selfcheck
<LI><a href="#[d8]">&gt;&gt;</a>&nbsp;&nbsp;&nbsp;gas_co_calculate
</UL>

<P><STRONG><a name="[c6]"></a>__aeabi_f2d</STRONG> (Thumb, 38 bytes, Stack size 0 bytes, f2d.o(.text))
<BR><BR>[Called By]<UL><LI><a href="#[de]">&gt;&gt;</a>&nbsp;&nbsp;&nbsp;gas_h2_calculate
<LI><a href="#[d8]">&gt;&gt;</a>&nbsp;&nbsp;&nbsp;gas_co_calculate
<LI><a href="#[8b]">&gt;&gt;</a>&nbsp;&nbsp;&nbsp;average_filter_float_calculate
</UL>

<P><STRONG><a name="[11f]"></a>__aeabi_cdcmpeq</STRONG> (Thumb, 0 bytes, Stack size 0 bytes, cdcmple.o(.text), UNUSED)

<P><STRONG><a name="[c7]"></a>__aeabi_cdcmple</STRONG> (Thumb, 48 bytes, Stack size 0 bytes, cdcmple.o(.text))
<BR><BR>[Called By]<UL><LI><a href="#[8b]">&gt;&gt;</a>&nbsp;&nbsp;&nbsp;average_filter_float_calculate
</UL>

<P><STRONG><a name="[a4]"></a>__aeabi_cdrcmple</STRONG> (Thumb, 48 bytes, Stack size 0 bytes, cdrcmple.o(.text))
<BR><BR>[Called By]<UL><LI><a href="#[9a]">&gt;&gt;</a>&nbsp;&nbsp;&nbsp;__hardfp_pow
<LI><a href="#[8b]">&gt;&gt;</a>&nbsp;&nbsp;&nbsp;average_filter_float_calculate
</UL>

<P><STRONG><a name="[6b]"></a>__aeabi_d2f</STRONG> (Thumb, 56 bytes, Stack size 8 bytes, d2f.o(.text))
<BR><BR>[Stack]<UL><LI>Max Depth = 8<LI>Call Chain = __aeabi_d2f
</UL>
<BR>[Calls]<UL><LI><a href="#[6c]">&gt;&gt;</a>&nbsp;&nbsp;&nbsp;_float_round
</UL>
<BR>[Called By]<UL><LI><a href="#[e2]">&gt;&gt;</a>&nbsp;&nbsp;&nbsp;gas_h2_selfcheck
<LI><a href="#[de]">&gt;&gt;</a>&nbsp;&nbsp;&nbsp;gas_h2_calculate
<LI><a href="#[dd]">&gt;&gt;</a>&nbsp;&nbsp;&nbsp;gas_co_selfcheck
<LI><a href="#[d8]">&gt;&gt;</a>&nbsp;&nbsp;&nbsp;gas_co_calculate
<LI><a href="#[8b]">&gt;&gt;</a>&nbsp;&nbsp;&nbsp;average_filter_float_calculate
</UL>

<P><STRONG><a name="[61]"></a>__aeabi_llsl</STRONG> (Thumb, 30 bytes, Stack size 0 bytes, llshl.o(.text))
<BR><BR>[Called By]<UL><LI><a href="#[60]">&gt;&gt;</a>&nbsp;&nbsp;&nbsp;__aeabi_dadd
<LI><a href="#[63]">&gt;&gt;</a>&nbsp;&nbsp;&nbsp;_double_epilogue
</UL>

<P><STRONG><a name="[120]"></a>_ll_shift_l</STRONG> (Thumb, 0 bytes, Stack size 0 bytes, llshl.o(.text), UNUSED)

<P><STRONG><a name="[6d]"></a>__aeabi_llsr</STRONG> (Thumb, 32 bytes, Stack size 0 bytes, llushr.o(.text))
<BR><BR>[Called By]<UL><LI><a href="#[6f]">&gt;&gt;</a>&nbsp;&nbsp;&nbsp;_dsqrt
<LI><a href="#[63]">&gt;&gt;</a>&nbsp;&nbsp;&nbsp;_double_epilogue
</UL>

<P><STRONG><a name="[121]"></a>_ll_ushift_r</STRONG> (Thumb, 0 bytes, Stack size 0 bytes, llushr.o(.text), UNUSED)

<P><STRONG><a name="[62]"></a>__aeabi_lasr</STRONG> (Thumb, 36 bytes, Stack size 0 bytes, llsshr.o(.text))
<BR><BR>[Called By]<UL><LI><a href="#[60]">&gt;&gt;</a>&nbsp;&nbsp;&nbsp;__aeabi_dadd
</UL>

<P><STRONG><a name="[122]"></a>_ll_sshift_r</STRONG> (Thumb, 0 bytes, Stack size 0 bytes, llsshr.o(.text), UNUSED)

<P><STRONG><a name="[123]"></a>__I$use$fp</STRONG> (Thumb, 0 bytes, Stack size 0 bytes, iusefp.o(.text), UNUSED)

<P><STRONG><a name="[6c]"></a>_float_round</STRONG> (Thumb, 18 bytes, Stack size 0 bytes, fepilogue.o(.text))
<BR><BR>[Called By]<UL><LI><a href="#[6b]">&gt;&gt;</a>&nbsp;&nbsp;&nbsp;__aeabi_d2f
</UL>

<P><STRONG><a name="[124]"></a>_float_epilogue</STRONG> (Thumb, 92 bytes, Stack size 4 bytes, fepilogue.o(.text), UNUSED)

<P><STRONG><a name="[64]"></a>_double_round</STRONG> (Thumb, 30 bytes, Stack size 8 bytes, depilogue.o(.text))
<BR><BR>[Stack]<UL><LI>Max Depth = 8<LI>Call Chain = _double_round
</UL>
<BR>[Called By]<UL><LI><a href="#[68]">&gt;&gt;</a>&nbsp;&nbsp;&nbsp;__aeabi_ddiv
<LI><a href="#[60]">&gt;&gt;</a>&nbsp;&nbsp;&nbsp;__aeabi_dadd
<LI><a href="#[6f]">&gt;&gt;</a>&nbsp;&nbsp;&nbsp;_dsqrt
<LI><a href="#[63]">&gt;&gt;</a>&nbsp;&nbsp;&nbsp;_double_epilogue
</UL>

<P><STRONG><a name="[63]"></a>_double_epilogue</STRONG> (Thumb, 156 bytes, Stack size 32 bytes, depilogue.o(.text))
<BR><BR>[Stack]<UL><LI>Max Depth = 40<LI>Call Chain = _double_epilogue &rArr; _double_round
</UL>
<BR>[Calls]<UL><LI><a href="#[6d]">&gt;&gt;</a>&nbsp;&nbsp;&nbsp;__aeabi_llsr
<LI><a href="#[61]">&gt;&gt;</a>&nbsp;&nbsp;&nbsp;__aeabi_llsl
<LI><a href="#[64]">&gt;&gt;</a>&nbsp;&nbsp;&nbsp;_double_round
</UL>
<BR>[Called By]<UL><LI><a href="#[6a]">&gt;&gt;</a>&nbsp;&nbsp;&nbsp;__aeabi_ui2d
<LI><a href="#[69]">&gt;&gt;</a>&nbsp;&nbsp;&nbsp;__aeabi_i2d
<LI><a href="#[67]">&gt;&gt;</a>&nbsp;&nbsp;&nbsp;__aeabi_dmul
<LI><a href="#[60]">&gt;&gt;</a>&nbsp;&nbsp;&nbsp;__aeabi_dadd
</UL>

<P><STRONG><a name="[a5]"></a>__ARM_scalbn</STRONG> (Thumb, 46 bytes, Stack size 16 bytes, dscalb.o(.text))
<BR><BR>[Stack]<UL><LI>Max Depth = 16<LI>Call Chain = __ARM_scalbn
</UL>
<BR>[Called By]<UL><LI><a href="#[9a]">&gt;&gt;</a>&nbsp;&nbsp;&nbsp;__hardfp_pow
</UL>

<P><STRONG><a name="[125]"></a>scalbn</STRONG> (Thumb, 0 bytes, Stack size 16 bytes, dscalb.o(.text), UNUSED)

<P><STRONG><a name="[5c]"></a>__scatterload</STRONG> (Thumb, 28 bytes, Stack size 0 bytes, init.o(.text))
<BR><BR>[Calls]<UL><LI><a href="#[6e]">&gt;&gt;</a>&nbsp;&nbsp;&nbsp;__main_after_scatterload
</UL>
<BR>[Called By]<UL><LI><a href="#[5b]">&gt;&gt;</a>&nbsp;&nbsp;&nbsp;_main_scatterload
</UL>

<P><STRONG><a name="[126]"></a>__scatterload_rt2</STRONG> (Thumb, 0 bytes, Stack size 0 bytes, init.o(.text), UNUSED)

<P><STRONG><a name="[6f]"></a>_dsqrt</STRONG> (Thumb, 162 bytes, Stack size 32 bytes, dsqrt.o(.text))
<BR><BR>[Stack]<UL><LI>Max Depth = 40<LI>Call Chain = _dsqrt &rArr; _double_round
</UL>
<BR>[Calls]<UL><LI><a href="#[6d]">&gt;&gt;</a>&nbsp;&nbsp;&nbsp;__aeabi_llsr
<LI><a href="#[64]">&gt;&gt;</a>&nbsp;&nbsp;&nbsp;_double_round
</UL>
<BR>[Called By]<UL><LI><a href="#[9f]">&gt;&gt;</a>&nbsp;&nbsp;&nbsp;sqrt
</UL>

<P><STRONG><a name="[b1]"></a>ADC_Cmd</STRONG> (Thumb, 22 bytes, Stack size 0 bytes, stm32f30x_adc.o(i.ADC_Cmd))
<BR><BR>[Called By]<UL><LI><a href="#[bb]">&gt;&gt;</a>&nbsp;&nbsp;&nbsp;adc4_config
<LI><a href="#[b7]">&gt;&gt;</a>&nbsp;&nbsp;&nbsp;adc3_config
<LI><a href="#[a7]">&gt;&gt;</a>&nbsp;&nbsp;&nbsp;adc2_config
</UL>

<P><STRONG><a name="[ac]"></a>ADC_CommonInit</STRONG> (Thumb, 82 bytes, Stack size 8 bytes, stm32f30x_adc.o(i.ADC_CommonInit))
<BR><BR>[Stack]<UL><LI>Max Depth = 8<LI>Call Chain = ADC_CommonInit
</UL>
<BR>[Called By]<UL><LI><a href="#[bb]">&gt;&gt;</a>&nbsp;&nbsp;&nbsp;adc4_config
<LI><a href="#[b7]">&gt;&gt;</a>&nbsp;&nbsp;&nbsp;adc3_config
<LI><a href="#[a7]">&gt;&gt;</a>&nbsp;&nbsp;&nbsp;adc2_config
</UL>

<P><STRONG><a name="[b0]"></a>ADC_DMACmd</STRONG> (Thumb, 22 bytes, Stack size 0 bytes, stm32f30x_adc.o(i.ADC_DMACmd))
<BR><BR>[Called By]<UL><LI><a href="#[bb]">&gt;&gt;</a>&nbsp;&nbsp;&nbsp;adc4_config
<LI><a href="#[b7]">&gt;&gt;</a>&nbsp;&nbsp;&nbsp;adc3_config
<LI><a href="#[a7]">&gt;&gt;</a>&nbsp;&nbsp;&nbsp;adc2_config
</UL>

<P><STRONG><a name="[af]"></a>ADC_DMAConfig</STRONG> (Thumb, 16 bytes, Stack size 0 bytes, stm32f30x_adc.o(i.ADC_DMAConfig))
<BR><BR>[Called By]<UL><LI><a href="#[bb]">&gt;&gt;</a>&nbsp;&nbsp;&nbsp;adc4_config
<LI><a href="#[b7]">&gt;&gt;</a>&nbsp;&nbsp;&nbsp;adc3_config
<LI><a href="#[a7]">&gt;&gt;</a>&nbsp;&nbsp;&nbsp;adc2_config
</UL>

<P><STRONG><a name="[70]"></a>ADC_DeInit</STRONG> (Thumb, 68 bytes, Stack size 8 bytes, stm32f30x_adc.o(i.ADC_DeInit))
<BR><BR>[Stack]<UL><LI>Max Depth = 8<LI>Call Chain = ADC_DeInit
</UL>
<BR>[Calls]<UL><LI><a href="#[71]">&gt;&gt;</a>&nbsp;&nbsp;&nbsp;RCC_AHBPeriphResetCmd
</UL>
<BR>[Called By]<UL><LI><a href="#[bf]">&gt;&gt;</a>&nbsp;&nbsp;&nbsp;adc_init
</UL>

<P><STRONG><a name="[ab]"></a>ADC_GetCalibrationStatus</STRONG> (Thumb, 20 bytes, Stack size 0 bytes, stm32f30x_adc.o(i.ADC_GetCalibrationStatus))
<BR><BR>[Called By]<UL><LI><a href="#[bb]">&gt;&gt;</a>&nbsp;&nbsp;&nbsp;adc4_config
<LI><a href="#[b7]">&gt;&gt;</a>&nbsp;&nbsp;&nbsp;adc3_config
<LI><a href="#[a7]">&gt;&gt;</a>&nbsp;&nbsp;&nbsp;adc2_config
</UL>

<P><STRONG><a name="[b2]"></a>ADC_GetFlagStatus</STRONG> (Thumb, 18 bytes, Stack size 0 bytes, stm32f30x_adc.o(i.ADC_GetFlagStatus))
<BR><BR>[Called By]<UL><LI><a href="#[bb]">&gt;&gt;</a>&nbsp;&nbsp;&nbsp;adc4_config
<LI><a href="#[b7]">&gt;&gt;</a>&nbsp;&nbsp;&nbsp;adc3_config
<LI><a href="#[a7]">&gt;&gt;</a>&nbsp;&nbsp;&nbsp;adc2_config
</UL>

<P><STRONG><a name="[ad]"></a>ADC_Init</STRONG> (Thumb, 58 bytes, Stack size 8 bytes, stm32f30x_adc.o(i.ADC_Init))
<BR><BR>[Stack]<UL><LI>Max Depth = 8<LI>Call Chain = ADC_Init
</UL>
<BR>[Called By]<UL><LI><a href="#[bb]">&gt;&gt;</a>&nbsp;&nbsp;&nbsp;adc4_config
<LI><a href="#[b7]">&gt;&gt;</a>&nbsp;&nbsp;&nbsp;adc3_config
<LI><a href="#[a7]">&gt;&gt;</a>&nbsp;&nbsp;&nbsp;adc2_config
</UL>

<P><STRONG><a name="[ae]"></a>ADC_RegularChannelConfig</STRONG> (Thumb, 250 bytes, Stack size 20 bytes, stm32f30x_adc.o(i.ADC_RegularChannelConfig))
<BR><BR>[Stack]<UL><LI>Max Depth = 20<LI>Call Chain = ADC_RegularChannelConfig
</UL>
<BR>[Called By]<UL><LI><a href="#[bb]">&gt;&gt;</a>&nbsp;&nbsp;&nbsp;adc4_config
<LI><a href="#[b7]">&gt;&gt;</a>&nbsp;&nbsp;&nbsp;adc3_config
<LI><a href="#[a7]">&gt;&gt;</a>&nbsp;&nbsp;&nbsp;adc2_config
</UL>

<P><STRONG><a name="[a9]"></a>ADC_SelectCalibrationMode</STRONG> (Thumb, 16 bytes, Stack size 0 bytes, stm32f30x_adc.o(i.ADC_SelectCalibrationMode))
<BR><BR>[Called By]<UL><LI><a href="#[bb]">&gt;&gt;</a>&nbsp;&nbsp;&nbsp;adc4_config
<LI><a href="#[b7]">&gt;&gt;</a>&nbsp;&nbsp;&nbsp;adc3_config
<LI><a href="#[a7]">&gt;&gt;</a>&nbsp;&nbsp;&nbsp;adc2_config
</UL>

<P><STRONG><a name="[aa]"></a>ADC_StartCalibration</STRONG> (Thumb, 10 bytes, Stack size 0 bytes, stm32f30x_adc.o(i.ADC_StartCalibration))
<BR><BR>[Called By]<UL><LI><a href="#[bb]">&gt;&gt;</a>&nbsp;&nbsp;&nbsp;adc4_config
<LI><a href="#[b7]">&gt;&gt;</a>&nbsp;&nbsp;&nbsp;adc3_config
<LI><a href="#[a7]">&gt;&gt;</a>&nbsp;&nbsp;&nbsp;adc2_config
</UL>

<P><STRONG><a name="[b4]"></a>ADC_StartConversion</STRONG> (Thumb, 10 bytes, Stack size 0 bytes, stm32f30x_adc.o(i.ADC_StartConversion))
<BR><BR>[Called By]<UL><LI><a href="#[bb]">&gt;&gt;</a>&nbsp;&nbsp;&nbsp;adc4_config
<LI><a href="#[b7]">&gt;&gt;</a>&nbsp;&nbsp;&nbsp;adc3_config
<LI><a href="#[a7]">&gt;&gt;</a>&nbsp;&nbsp;&nbsp;adc2_config
</UL>

<P><STRONG><a name="[a8]"></a>ADC_VoltageRegulatorCmd</STRONG> (Thumb, 30 bytes, Stack size 0 bytes, stm32f30x_adc.o(i.ADC_VoltageRegulatorCmd))
<BR><BR>[Called By]<UL><LI><a href="#[bb]">&gt;&gt;</a>&nbsp;&nbsp;&nbsp;adc4_config
<LI><a href="#[b7]">&gt;&gt;</a>&nbsp;&nbsp;&nbsp;adc3_config
<LI><a href="#[a7]">&gt;&gt;</a>&nbsp;&nbsp;&nbsp;adc2_config
</UL>

<P><STRONG><a name="[5]"></a>BusFault_Handler</STRONG> (Thumb, 4 bytes, Stack size 0 bytes, stm32f30x_it.o(i.BusFault_Handler))
<BR>[Address Reference Count : 1]<UL><LI> startup_stm32f30x.o(RESET)
</UL>
<P><STRONG><a name="[cf]"></a>DAC_Cmd</STRONG> (Thumb, 28 bytes, Stack size 8 bytes, stm32f30x_dac.o(i.DAC_Cmd))
<BR><BR>[Stack]<UL><LI>Max Depth = 8<LI>Call Chain = DAC_Cmd
</UL>
<BR>[Called By]<UL><LI><a href="#[cc]">&gt;&gt;</a>&nbsp;&nbsp;&nbsp;dac_config
</UL>

<P><STRONG><a name="[d0]"></a>DAC_DMACmd</STRONG> (Thumb, 32 bytes, Stack size 8 bytes, stm32f30x_dac.o(i.DAC_DMACmd))
<BR><BR>[Stack]<UL><LI>Max Depth = 8<LI>Call Chain = DAC_DMACmd
</UL>
<BR>[Called By]<UL><LI><a href="#[cc]">&gt;&gt;</a>&nbsp;&nbsp;&nbsp;dac_config
</UL>

<P><STRONG><a name="[72]"></a>DAC_DeInit</STRONG> (Thumb, 50 bytes, Stack size 8 bytes, stm32f30x_dac.o(i.DAC_DeInit))
<BR><BR>[Stack]<UL><LI>Max Depth = 8<LI>Call Chain = DAC_DeInit
</UL>
<BR>[Calls]<UL><LI><a href="#[73]">&gt;&gt;</a>&nbsp;&nbsp;&nbsp;RCC_APB1PeriphResetCmd
</UL>
<BR>[Called By]<UL><LI><a href="#[cc]">&gt;&gt;</a>&nbsp;&nbsp;&nbsp;dac_config
</UL>

<P><STRONG><a name="[ce]"></a>DAC_Init</STRONG> (Thumb, 42 bytes, Stack size 16 bytes, stm32f30x_dac.o(i.DAC_Init))
<BR><BR>[Stack]<UL><LI>Max Depth = 16<LI>Call Chain = DAC_Init
</UL>
<BR>[Called By]<UL><LI><a href="#[cc]">&gt;&gt;</a>&nbsp;&nbsp;&nbsp;dac_config
</UL>

<P><STRONG><a name="[d1]"></a>DAC_SetChannel2Data</STRONG> (Thumb, 24 bytes, Stack size 12 bytes, stm32f30x_dac.o(i.DAC_SetChannel2Data))
<BR><BR>[Stack]<UL><LI>Max Depth = 12<LI>Call Chain = DAC_SetChannel2Data
</UL>
<BR>[Called By]<UL><LI><a href="#[cc]">&gt;&gt;</a>&nbsp;&nbsp;&nbsp;dac_config
</UL>

<P><STRONG><a name="[41]"></a>DMA2_Channel2_IRQHandler</STRONG> (Thumb, 36 bytes, Stack size 8 bytes, adc.o(i.DMA2_Channel2_IRQHandler))
<BR><BR>[Stack]<UL><LI>Max Depth = 24<LI>Call Chain = DMA2_Channel2_IRQHandler &rArr; battery_inres_window_ad_full
</UL>
<BR>[Calls]<UL><LI><a href="#[74]">&gt;&gt;</a>&nbsp;&nbsp;&nbsp;DMA_GetITStatus
<LI><a href="#[75]">&gt;&gt;</a>&nbsp;&nbsp;&nbsp;DMA_ClearITPendingBit
<LI><a href="#[77]">&gt;&gt;</a>&nbsp;&nbsp;&nbsp;battery_inres_window_ad_full
<LI><a href="#[78]">&gt;&gt;</a>&nbsp;&nbsp;&nbsp;battery_info_calculate_flag_set
<LI><a href="#[76]">&gt;&gt;</a>&nbsp;&nbsp;&nbsp;battery_info_calculate_flag_get
</UL>
<BR>[Address Reference Count : 1]<UL><LI> startup_stm32f30x.o(RESET)
</UL>
<P><STRONG><a name="[44]"></a>DMA2_Channel5_IRQHandler</STRONG> (Thumb, 86 bytes, Stack size 8 bytes, adc.o(i.DMA2_Channel5_IRQHandler))
<BR><BR>[Stack]<UL><LI>Max Depth = 24<LI>Call Chain = DMA2_Channel5_IRQHandler &rArr; battery_inres_window_ad_full
</UL>
<BR>[Calls]<UL><LI><a href="#[74]">&gt;&gt;</a>&nbsp;&nbsp;&nbsp;DMA_GetITStatus
<LI><a href="#[75]">&gt;&gt;</a>&nbsp;&nbsp;&nbsp;DMA_ClearITPendingBit
<LI><a href="#[79]">&gt;&gt;</a>&nbsp;&nbsp;&nbsp;system_tick_get
<LI><a href="#[77]">&gt;&gt;</a>&nbsp;&nbsp;&nbsp;battery_inres_window_ad_full
<LI><a href="#[78]">&gt;&gt;</a>&nbsp;&nbsp;&nbsp;battery_info_calculate_flag_set
<LI><a href="#[76]">&gt;&gt;</a>&nbsp;&nbsp;&nbsp;battery_info_calculate_flag_get
</UL>
<BR>[Address Reference Count : 1]<UL><LI> startup_stm32f30x.o(RESET)
</UL>
<P><STRONG><a name="[75]"></a>DMA_ClearITPendingBit</STRONG> (Thumb, 18 bytes, Stack size 0 bytes, stm32f30x_dma.o(i.DMA_ClearITPendingBit))
<BR><BR>[Called By]<UL><LI><a href="#[44]">&gt;&gt;</a>&nbsp;&nbsp;&nbsp;DMA2_Channel5_IRQHandler
<LI><a href="#[41]">&gt;&gt;</a>&nbsp;&nbsp;&nbsp;DMA2_Channel2_IRQHandler
</UL>

<P><STRONG><a name="[b3]"></a>DMA_Cmd</STRONG> (Thumb, 24 bytes, Stack size 0 bytes, stm32f30x_dma.o(i.DMA_Cmd))
<BR><BR>[Called By]<UL><LI><a href="#[d2]">&gt;&gt;</a>&nbsp;&nbsp;&nbsp;dac_dma_config
<LI><a href="#[bb]">&gt;&gt;</a>&nbsp;&nbsp;&nbsp;adc4_config
<LI><a href="#[b7]">&gt;&gt;</a>&nbsp;&nbsp;&nbsp;adc3_config
<LI><a href="#[a7]">&gt;&gt;</a>&nbsp;&nbsp;&nbsp;adc2_config
</UL>

<P><STRONG><a name="[d3]"></a>DMA_DeInit</STRONG> (Thumb, 324 bytes, Stack size 0 bytes, stm32f30x_dma.o(i.DMA_DeInit))
<BR><BR>[Called By]<UL><LI><a href="#[d2]">&gt;&gt;</a>&nbsp;&nbsp;&nbsp;dac_dma_config
</UL>

<P><STRONG><a name="[74]"></a>DMA_GetITStatus</STRONG> (Thumb, 36 bytes, Stack size 0 bytes, stm32f30x_dma.o(i.DMA_GetITStatus))
<BR><BR>[Called By]<UL><LI><a href="#[44]">&gt;&gt;</a>&nbsp;&nbsp;&nbsp;DMA2_Channel5_IRQHandler
<LI><a href="#[41]">&gt;&gt;</a>&nbsp;&nbsp;&nbsp;DMA2_Channel2_IRQHandler
</UL>

<P><STRONG><a name="[ba]"></a>DMA_ITConfig</STRONG> (Thumb, 18 bytes, Stack size 0 bytes, stm32f30x_dma.o(i.DMA_ITConfig))
<BR><BR>[Called By]<UL><LI><a href="#[bc]">&gt;&gt;</a>&nbsp;&nbsp;&nbsp;adc4_dma2_ch2_config
<LI><a href="#[b8]">&gt;&gt;</a>&nbsp;&nbsp;&nbsp;adc3_dma2_ch5_config
</UL>

<P><STRONG><a name="[b6]"></a>DMA_Init</STRONG> (Thumb, 60 bytes, Stack size 8 bytes, stm32f30x_dma.o(i.DMA_Init))
<BR><BR>[Stack]<UL><LI>Max Depth = 8<LI>Call Chain = DMA_Init
</UL>
<BR>[Called By]<UL><LI><a href="#[d2]">&gt;&gt;</a>&nbsp;&nbsp;&nbsp;dac_dma_config
<LI><a href="#[bc]">&gt;&gt;</a>&nbsp;&nbsp;&nbsp;adc4_dma2_ch2_config
<LI><a href="#[b8]">&gt;&gt;</a>&nbsp;&nbsp;&nbsp;adc3_dma2_ch5_config
<LI><a href="#[b5]">&gt;&gt;</a>&nbsp;&nbsp;&nbsp;adc2_dma2_ch1_config
</UL>

<P><STRONG><a name="[8]"></a>DebugMon_Handler</STRONG> (Thumb, 2 bytes, Stack size 0 bytes, stm32f30x_it.o(i.DebugMon_Handler))
<BR>[Address Reference Count : 1]<UL><LI> startup_stm32f30x.o(RESET)
</UL>
<P><STRONG><a name="[be]"></a>GPIO_Init</STRONG> (Thumb, 150 bytes, Stack size 20 bytes, stm32f30x_gpio.o(i.GPIO_Init))
<BR><BR>[Stack]<UL><LI>Max Depth = 20<LI>Call Chain = GPIO_Init
</UL>
<BR>[Called By]<UL><LI><a href="#[7c]">&gt;&gt;</a>&nbsp;&nbsp;&nbsp;si2c_device_init
<LI><a href="#[102]">&gt;&gt;</a>&nbsp;&nbsp;&nbsp;si2c_device_sda_mode_set
<LI><a href="#[110]">&gt;&gt;</a>&nbsp;&nbsp;&nbsp;uart2_gpio_config
<LI><a href="#[ed]">&gt;&gt;</a>&nbsp;&nbsp;&nbsp;led_gpio_init
<LI><a href="#[d4]">&gt;&gt;</a>&nbsp;&nbsp;&nbsp;dac_gpio_config
<LI><a href="#[bd]">&gt;&gt;</a>&nbsp;&nbsp;&nbsp;adc_gpio_config
<LI><a href="#[e8]">&gt;&gt;</a>&nbsp;&nbsp;&nbsp;gas_smoke_init
</UL>

<P><STRONG><a name="[111]"></a>GPIO_PinAFConfig</STRONG> (Thumb, 70 bytes, Stack size 20 bytes, stm32f30x_gpio.o(i.GPIO_PinAFConfig))
<BR><BR>[Stack]<UL><LI>Max Depth = 20<LI>Call Chain = GPIO_PinAFConfig
</UL>
<BR>[Called By]<UL><LI><a href="#[110]">&gt;&gt;</a>&nbsp;&nbsp;&nbsp;uart2_gpio_config
</UL>

<P><STRONG><a name="[101]"></a>GPIO_ReadInputDataBit</STRONG> (Thumb, 18 bytes, Stack size 0 bytes, stm32f30x_gpio.o(i.GPIO_ReadInputDataBit))
<BR><BR>[Called By]<UL><LI><a href="#[5a]">&gt;&gt;</a>&nbsp;&nbsp;&nbsp;si2c_device_recive_ack
<LI><a href="#[100]">&gt;&gt;</a>&nbsp;&nbsp;&nbsp;si2c_device_read_bit
</UL>

<P><STRONG><a name="[eb]"></a>GPIO_ResetBits</STRONG> (Thumb, 4 bytes, Stack size 0 bytes, stm32f30x_gpio.o(i.GPIO_ResetBits))
<BR><BR>[Called By]<UL><LI><a href="#[55]">&gt;&gt;</a>&nbsp;&nbsp;&nbsp;si2c_device_start
<LI><a href="#[59]">&gt;&gt;</a>&nbsp;&nbsp;&nbsp;si2c_device_send_ack
<LI><a href="#[5a]">&gt;&gt;</a>&nbsp;&nbsp;&nbsp;si2c_device_recive_ack
<LI><a href="#[7c]">&gt;&gt;</a>&nbsp;&nbsp;&nbsp;si2c_device_init
<LI><a href="#[56]">&gt;&gt;</a>&nbsp;&nbsp;&nbsp;si2c_devcie_stop
<LI><a href="#[103]">&gt;&gt;</a>&nbsp;&nbsp;&nbsp;si2c_device_write_bit
<LI><a href="#[100]">&gt;&gt;</a>&nbsp;&nbsp;&nbsp;si2c_device_read_bit
<LI><a href="#[ef]">&gt;&gt;</a>&nbsp;&nbsp;&nbsp;led_off
<LI><a href="#[ed]">&gt;&gt;</a>&nbsp;&nbsp;&nbsp;led_gpio_init
<LI><a href="#[e9]">&gt;&gt;</a>&nbsp;&nbsp;&nbsp;gas_smoke_selfcheck
</UL>

<P><STRONG><a name="[ea]"></a>GPIO_SetBits</STRONG> (Thumb, 4 bytes, Stack size 0 bytes, stm32f30x_gpio.o(i.GPIO_SetBits))
<BR><BR>[Called By]<UL><LI><a href="#[57]">&gt;&gt;</a>&nbsp;&nbsp;&nbsp;si2c_device_write_byte
<LI><a href="#[59]">&gt;&gt;</a>&nbsp;&nbsp;&nbsp;si2c_device_send_ack
<LI><a href="#[5a]">&gt;&gt;</a>&nbsp;&nbsp;&nbsp;si2c_device_recive_ack
<LI><a href="#[56]">&gt;&gt;</a>&nbsp;&nbsp;&nbsp;si2c_devcie_stop
<LI><a href="#[103]">&gt;&gt;</a>&nbsp;&nbsp;&nbsp;si2c_device_write_bit
<LI><a href="#[100]">&gt;&gt;</a>&nbsp;&nbsp;&nbsp;si2c_device_read_bit
<LI><a href="#[f0]">&gt;&gt;</a>&nbsp;&nbsp;&nbsp;led_on
<LI><a href="#[e9]">&gt;&gt;</a>&nbsp;&nbsp;&nbsp;gas_smoke_selfcheck
<LI><a href="#[e8]">&gt;&gt;</a>&nbsp;&nbsp;&nbsp;gas_smoke_init
</UL>

<P><STRONG><a name="[7a]"></a>GXHTC3_device_init</STRONG> (Thumb, 56 bytes, Stack size 16 bytes, gxhtc3.o(i.GXHTC3_device_init))
<BR><BR>[Stack]<UL><LI>Max Depth = 52<LI>Call Chain = GXHTC3_device_init &rArr; si2c_device_init &rArr; GPIO_Init
</UL>
<BR>[Calls]<UL><LI><a href="#[7b]">&gt;&gt;</a>&nbsp;&nbsp;&nbsp;RCC_AHBPeriphClockCmd
<LI><a href="#[7c]">&gt;&gt;</a>&nbsp;&nbsp;&nbsp;si2c_device_init
</UL>
<BR>[Called By]<UL><LI><a href="#[4d]">&gt;&gt;</a>&nbsp;&nbsp;&nbsp;main
</UL>

<P><STRONG><a name="[7e]"></a>GXHTC3_device_read_data</STRONG> (Thumb, 94 bytes, Stack size 24 bytes, gxhtc3.o(i.GXHTC3_device_read_data))
<BR><BR>[Stack]<UL><LI>Max Depth = 24<LI>Call Chain = GXHTC3_device_read_data
</UL>
<BR>[Called By]<UL><LI><a href="#[50]">&gt;&gt;</a>&nbsp;&nbsp;&nbsp;GXHTC3_task_callback
<LI><a href="#[7d]">&gt;&gt;</a>&nbsp;&nbsp;&nbsp;GXHTC3_device_read_temp_huty_value
</UL>

<P><STRONG><a name="[7d]"></a>GXHTC3_device_read_temp_huty_value</STRONG> (Thumb, 210 bytes, Stack size 24 bytes, gxhtc3.o(i.GXHTC3_device_read_temp_huty_value))
<BR><BR>[Stack]<UL><LI>Max Depth = 56<LI>Call Chain = GXHTC3_device_read_temp_huty_value &rArr; modbus_reg_write &rArr; modbus_reg_data_reverse
</UL>
<BR>[Calls]<UL><LI><a href="#[7f]">&gt;&gt;</a>&nbsp;&nbsp;&nbsp;calculate_crc8
<LI><a href="#[7e]">&gt;&gt;</a>&nbsp;&nbsp;&nbsp;GXHTC3_device_read_data
<LI><a href="#[80]">&gt;&gt;</a>&nbsp;&nbsp;&nbsp;modbus_reg_write
</UL>
<BR>[Called By]<UL><LI><a href="#[50]">&gt;&gt;</a>&nbsp;&nbsp;&nbsp;GXHTC3_task_callback
</UL>

<P><STRONG><a name="[82]"></a>GXHTC3_device_send_cmd</STRONG> (Thumb, 106 bytes, Stack size 24 bytes, gxhtc3.o(i.GXHTC3_device_send_cmd))
<BR><BR>[Stack]<UL><LI>Max Depth = 24<LI>Call Chain = GXHTC3_device_send_cmd
</UL>
<BR>[Called By]<UL><LI><a href="#[50]">&gt;&gt;</a>&nbsp;&nbsp;&nbsp;GXHTC3_task_callback
<LI><a href="#[84]">&gt;&gt;</a>&nbsp;&nbsp;&nbsp;GXHTC3_device_wake_up
<LI><a href="#[83]">&gt;&gt;</a>&nbsp;&nbsp;&nbsp;GXHTC3_device_temp_huty_no_stret_normal_measure
<LI><a href="#[81]">&gt;&gt;</a>&nbsp;&nbsp;&nbsp;GXHTC3_device_sleep
</UL>

<P><STRONG><a name="[81]"></a>GXHTC3_device_sleep</STRONG> (Thumb, 18 bytes, Stack size 8 bytes, gxhtc3.o(i.GXHTC3_device_sleep))
<BR><BR>[Stack]<UL><LI>Max Depth = 32<LI>Call Chain = GXHTC3_device_sleep &rArr; GXHTC3_device_send_cmd
</UL>
<BR>[Calls]<UL><LI><a href="#[82]">&gt;&gt;</a>&nbsp;&nbsp;&nbsp;GXHTC3_device_send_cmd
</UL>
<BR>[Called By]<UL><LI><a href="#[50]">&gt;&gt;</a>&nbsp;&nbsp;&nbsp;GXHTC3_task_callback
</UL>

<P><STRONG><a name="[83]"></a>GXHTC3_device_temp_huty_no_stret_normal_measure</STRONG> (Thumb, 18 bytes, Stack size 8 bytes, gxhtc3.o(i.GXHTC3_device_temp_huty_no_stret_normal_measure))
<BR><BR>[Stack]<UL><LI>Max Depth = 32<LI>Call Chain = GXHTC3_device_temp_huty_no_stret_normal_measure &rArr; GXHTC3_device_send_cmd
</UL>
<BR>[Calls]<UL><LI><a href="#[82]">&gt;&gt;</a>&nbsp;&nbsp;&nbsp;GXHTC3_device_send_cmd
</UL>
<BR>[Called By]<UL><LI><a href="#[50]">&gt;&gt;</a>&nbsp;&nbsp;&nbsp;GXHTC3_task_callback
</UL>

<P><STRONG><a name="[84]"></a>GXHTC3_device_wake_up</STRONG> (Thumb, 18 bytes, Stack size 8 bytes, gxhtc3.o(i.GXHTC3_device_wake_up))
<BR><BR>[Stack]<UL><LI>Max Depth = 32<LI>Call Chain = GXHTC3_device_wake_up &rArr; GXHTC3_device_send_cmd
</UL>
<BR>[Calls]<UL><LI><a href="#[82]">&gt;&gt;</a>&nbsp;&nbsp;&nbsp;GXHTC3_device_send_cmd
</UL>
<BR>[Called By]<UL><LI><a href="#[50]">&gt;&gt;</a>&nbsp;&nbsp;&nbsp;GXHTC3_task_callback
</UL>

<P><STRONG><a name="[85]"></a>GXHTC3_task</STRONG> (Thumb, 52 bytes, Stack size 8 bytes, gxhtc3.o(i.GXHTC3_task))
<BR><BR>[Stack]<UL><LI>Max Depth = 32<LI>Call Chain = GXHTC3_task &rArr; sysTask_publish
</UL>
<BR>[Calls]<UL><LI><a href="#[86]">&gt;&gt;</a>&nbsp;&nbsp;&nbsp;system_timer_triggered
<LI><a href="#[87]">&gt;&gt;</a>&nbsp;&nbsp;&nbsp;sysTask_publish
<LI><a href="#[79]">&gt;&gt;</a>&nbsp;&nbsp;&nbsp;system_tick_get
</UL>
<BR>[Called By]<UL><LI><a href="#[4d]">&gt;&gt;</a>&nbsp;&nbsp;&nbsp;main
</UL>

<P><STRONG><a name="[50]"></a>GXHTC3_task_callback</STRONG> (Thumb, 114 bytes, Stack size 16 bytes, gxhtc3.o(i.GXHTC3_task_callback))
<BR><BR>[Stack]<UL><LI>Max Depth = 72<LI>Call Chain = GXHTC3_task_callback &rArr; GXHTC3_device_read_temp_huty_value &rArr; modbus_reg_write &rArr; modbus_reg_data_reverse
</UL>
<BR>[Calls]<UL><LI><a href="#[84]">&gt;&gt;</a>&nbsp;&nbsp;&nbsp;GXHTC3_device_wake_up
<LI><a href="#[83]">&gt;&gt;</a>&nbsp;&nbsp;&nbsp;GXHTC3_device_temp_huty_no_stret_normal_measure
<LI><a href="#[81]">&gt;&gt;</a>&nbsp;&nbsp;&nbsp;GXHTC3_device_sleep
<LI><a href="#[82]">&gt;&gt;</a>&nbsp;&nbsp;&nbsp;GXHTC3_device_send_cmd
<LI><a href="#[7d]">&gt;&gt;</a>&nbsp;&nbsp;&nbsp;GXHTC3_device_read_temp_huty_value
<LI><a href="#[7e]">&gt;&gt;</a>&nbsp;&nbsp;&nbsp;GXHTC3_device_read_data
</UL>
<BR>[Address Reference Count : 1]<UL><LI> gxhtc3.o(i.GXHTC3_task)
</UL>
<P><STRONG><a name="[3]"></a>HardFault_Handler</STRONG> (Thumb, 4 bytes, Stack size 0 bytes, stm32f30x_it.o(i.HardFault_Handler))
<BR>[Address Reference Count : 1]<UL><LI> startup_stm32f30x.o(RESET)
</UL>
<P><STRONG><a name="[4]"></a>MemManage_Handler</STRONG> (Thumb, 4 bytes, Stack size 0 bytes, stm32f30x_it.o(i.MemManage_Handler))
<BR>[Address Reference Count : 1]<UL><LI> startup_stm32f30x.o(RESET)
</UL>
<P><STRONG><a name="[2]"></a>NMI_Handler</STRONG> (Thumb, 2 bytes, Stack size 0 bytes, stm32f30x_it.o(i.NMI_Handler))
<BR>[Address Reference Count : 1]<UL><LI> startup_stm32f30x.o(RESET)
</UL>
<P><STRONG><a name="[88]"></a>NTC_task</STRONG> (Thumb, 52 bytes, Stack size 8 bytes, ntc.o(i.NTC_task))
<BR><BR>[Stack]<UL><LI>Max Depth = 32<LI>Call Chain = NTC_task &rArr; sysTask_publish
</UL>
<BR>[Calls]<UL><LI><a href="#[86]">&gt;&gt;</a>&nbsp;&nbsp;&nbsp;system_timer_triggered
<LI><a href="#[87]">&gt;&gt;</a>&nbsp;&nbsp;&nbsp;sysTask_publish
<LI><a href="#[79]">&gt;&gt;</a>&nbsp;&nbsp;&nbsp;system_tick_get
</UL>
<BR>[Called By]<UL><LI><a href="#[4d]">&gt;&gt;</a>&nbsp;&nbsp;&nbsp;main
</UL>

<P><STRONG><a name="[51]"></a>NTC_task_callback</STRONG> (Thumb, 176 bytes, Stack size 32 bytes, ntc.o(i.NTC_task_callback))
<BR><BR>[Stack]<UL><LI>Max Depth = 184<LI>Call Chain = NTC_task_callback &rArr; average_filter_float_calculate &rArr; __aeabi_dadd &rArr; _double_epilogue &rArr; _double_round
</UL>
<BR>[Calls]<UL><LI><a href="#[80]">&gt;&gt;</a>&nbsp;&nbsp;&nbsp;modbus_reg_write
<LI><a href="#[89]">&gt;&gt;</a>&nbsp;&nbsp;&nbsp;get_adc4_value
<LI><a href="#[8b]">&gt;&gt;</a>&nbsp;&nbsp;&nbsp;average_filter_float_calculate
<LI><a href="#[8a]">&gt;&gt;</a>&nbsp;&nbsp;&nbsp;NTC_temperture_calculate
</UL>
<BR>[Address Reference Count : 1]<UL><LI> ntc.o(i.NTC_task)
</UL>
<P><STRONG><a name="[8a]"></a>NTC_temperture_calculate</STRONG> (Thumb, 164 bytes, Stack size 0 bytes, ntc.o(i.NTC_temperture_calculate))
<BR><BR>[Called By]<UL><LI><a href="#[51]">&gt;&gt;</a>&nbsp;&nbsp;&nbsp;NTC_task_callback
</UL>

<P><STRONG><a name="[b9]"></a>NVIC_Init</STRONG> (Thumb, 100 bytes, Stack size 16 bytes, stm32f30x_misc.o(i.NVIC_Init))
<BR><BR>[Stack]<UL><LI>Max Depth = 16<LI>Call Chain = NVIC_Init
</UL>
<BR>[Called By]<UL><LI><a href="#[10c]">&gt;&gt;</a>&nbsp;&nbsp;&nbsp;uart2_config
<LI><a href="#[104]">&gt;&gt;</a>&nbsp;&nbsp;&nbsp;timer2_config
<LI><a href="#[b8]">&gt;&gt;</a>&nbsp;&nbsp;&nbsp;adc3_dma2_ch5_config
</UL>

<P><STRONG><a name="[105]"></a>NVIC_PriorityGroupConfig</STRONG> (Thumb, 10 bytes, Stack size 0 bytes, stm32f30x_misc.o(i.NVIC_PriorityGroupConfig))
<BR><BR>[Called By]<UL><LI><a href="#[10c]">&gt;&gt;</a>&nbsp;&nbsp;&nbsp;uart2_config
<LI><a href="#[104]">&gt;&gt;</a>&nbsp;&nbsp;&nbsp;timer2_config
</UL>

<P><STRONG><a name="[c5]"></a>OPAMP_Cmd</STRONG> (Thumb, 38 bytes, Stack size 0 bytes, stm32f30x_opamp.o(i.OPAMP_Cmd))
<BR><BR>[Called By]<UL><LI><a href="#[c1]">&gt;&gt;</a>&nbsp;&nbsp;&nbsp;adc_opamp_config
</UL>

<P><STRONG><a name="[c2]"></a>OPAMP_DeInit</STRONG> (Thumb, 10 bytes, Stack size 0 bytes, stm32f30x_opamp.o(i.OPAMP_DeInit))
<BR><BR>[Called By]<UL><LI><a href="#[c1]">&gt;&gt;</a>&nbsp;&nbsp;&nbsp;adc_opamp_config
</UL>

<P><STRONG><a name="[c4]"></a>OPAMP_Init</STRONG> (Thumb, 30 bytes, Stack size 8 bytes, stm32f30x_opamp.o(i.OPAMP_Init))
<BR><BR>[Stack]<UL><LI>Max Depth = 8<LI>Call Chain = OPAMP_Init
</UL>
<BR>[Called By]<UL><LI><a href="#[c1]">&gt;&gt;</a>&nbsp;&nbsp;&nbsp;adc_opamp_config
</UL>

<P><STRONG><a name="[c3]"></a>OPAMP_StructInit</STRONG> (Thumb, 8 bytes, Stack size 0 bytes, stm32f30x_opamp.o(i.OPAMP_StructInit))
<BR><BR>[Called By]<UL><LI><a href="#[c1]">&gt;&gt;</a>&nbsp;&nbsp;&nbsp;adc_opamp_config
</UL>

<P><STRONG><a name="[9]"></a>PendSV_Handler</STRONG> (Thumb, 2 bytes, Stack size 0 bytes, stm32f30x_it.o(i.PendSV_Handler))
<BR>[Address Reference Count : 1]<UL><LI> startup_stm32f30x.o(RESET)
</UL>
<P><STRONG><a name="[c0]"></a>RCC_ADCCLKConfig</STRONG> (Thumb, 44 bytes, Stack size 0 bytes, stm32f30x_rcc.o(i.RCC_ADCCLKConfig))
<BR><BR>[Called By]<UL><LI><a href="#[bf]">&gt;&gt;</a>&nbsp;&nbsp;&nbsp;adc_init
</UL>

<P><STRONG><a name="[7b]"></a>RCC_AHBPeriphClockCmd</STRONG> (Thumb, 26 bytes, Stack size 0 bytes, stm32f30x_rcc.o(i.RCC_AHBPeriphClockCmd))
<BR><BR>[Called By]<UL><LI><a href="#[bf]">&gt;&gt;</a>&nbsp;&nbsp;&nbsp;adc_init
<LI><a href="#[7a]">&gt;&gt;</a>&nbsp;&nbsp;&nbsp;GXHTC3_device_init
<LI><a href="#[110]">&gt;&gt;</a>&nbsp;&nbsp;&nbsp;uart2_gpio_config
<LI><a href="#[ed]">&gt;&gt;</a>&nbsp;&nbsp;&nbsp;led_gpio_init
<LI><a href="#[d4]">&gt;&gt;</a>&nbsp;&nbsp;&nbsp;dac_gpio_config
<LI><a href="#[d2]">&gt;&gt;</a>&nbsp;&nbsp;&nbsp;dac_dma_config
<LI><a href="#[bd]">&gt;&gt;</a>&nbsp;&nbsp;&nbsp;adc_gpio_config
<LI><a href="#[bc]">&gt;&gt;</a>&nbsp;&nbsp;&nbsp;adc4_dma2_ch2_config
<LI><a href="#[b8]">&gt;&gt;</a>&nbsp;&nbsp;&nbsp;adc3_dma2_ch5_config
<LI><a href="#[b5]">&gt;&gt;</a>&nbsp;&nbsp;&nbsp;adc2_dma2_ch1_config
<LI><a href="#[e8]">&gt;&gt;</a>&nbsp;&nbsp;&nbsp;gas_smoke_init
</UL>

<P><STRONG><a name="[71]"></a>RCC_AHBPeriphResetCmd</STRONG> (Thumb, 26 bytes, Stack size 0 bytes, stm32f30x_rcc.o(i.RCC_AHBPeriphResetCmd))
<BR><BR>[Called By]<UL><LI><a href="#[70]">&gt;&gt;</a>&nbsp;&nbsp;&nbsp;ADC_DeInit
</UL>

<P><STRONG><a name="[cd]"></a>RCC_APB1PeriphClockCmd</STRONG> (Thumb, 26 bytes, Stack size 0 bytes, stm32f30x_rcc.o(i.RCC_APB1PeriphClockCmd))
<BR><BR>[Called By]<UL><LI><a href="#[10c]">&gt;&gt;</a>&nbsp;&nbsp;&nbsp;uart2_config
<LI><a href="#[104]">&gt;&gt;</a>&nbsp;&nbsp;&nbsp;timer2_config
<LI><a href="#[cc]">&gt;&gt;</a>&nbsp;&nbsp;&nbsp;dac_config
</UL>

<P><STRONG><a name="[73]"></a>RCC_APB1PeriphResetCmd</STRONG> (Thumb, 26 bytes, Stack size 0 bytes, stm32f30x_rcc.o(i.RCC_APB1PeriphResetCmd))
<BR><BR>[Called By]<UL><LI><a href="#[72]">&gt;&gt;</a>&nbsp;&nbsp;&nbsp;DAC_DeInit
<LI><a href="#[97]">&gt;&gt;</a>&nbsp;&nbsp;&nbsp;USART_DeInit
<LI><a href="#[91]">&gt;&gt;</a>&nbsp;&nbsp;&nbsp;TIM_DeInit
</UL>

<P><STRONG><a name="[d5]"></a>RCC_APB2PeriphClockCmd</STRONG> (Thumb, 26 bytes, Stack size 0 bytes, stm32f30x_rcc.o(i.RCC_APB2PeriphClockCmd))
<BR><BR>[Called By]<UL><LI><a href="#[d4]">&gt;&gt;</a>&nbsp;&nbsp;&nbsp;dac_gpio_config
<LI><a href="#[e8]">&gt;&gt;</a>&nbsp;&nbsp;&nbsp;gas_smoke_init
</UL>

<P><STRONG><a name="[92]"></a>RCC_APB2PeriphResetCmd</STRONG> (Thumb, 26 bytes, Stack size 0 bytes, stm32f30x_rcc.o(i.RCC_APB2PeriphResetCmd))
<BR><BR>[Called By]<UL><LI><a href="#[97]">&gt;&gt;</a>&nbsp;&nbsp;&nbsp;USART_DeInit
<LI><a href="#[91]">&gt;&gt;</a>&nbsp;&nbsp;&nbsp;TIM_DeInit
</UL>

<P><STRONG><a name="[99]"></a>RCC_GetClocksFreq</STRONG> (Thumb, 1364 bytes, Stack size 28 bytes, stm32f30x_rcc.o(i.RCC_GetClocksFreq))
<BR><BR>[Stack]<UL><LI>Max Depth = 28<LI>Call Chain = RCC_GetClocksFreq
</UL>
<BR>[Called By]<UL><LI><a href="#[98]">&gt;&gt;</a>&nbsp;&nbsp;&nbsp;USART_Init
</UL>

<P><STRONG><a name="[7]"></a>SVC_Handler</STRONG> (Thumb, 2 bytes, Stack size 0 bytes, stm32f30x_it.o(i.SVC_Handler))
<BR>[Address Reference Count : 1]<UL><LI> startup_stm32f30x.o(RESET)
</UL>
<P><STRONG><a name="[a]"></a>SysTick_Handler</STRONG> (Thumb, 8 bytes, Stack size 8 bytes, stm32f30x_it.o(i.SysTick_Handler))
<BR><BR>[Stack]<UL><LI>Max Depth = 8<LI>Call Chain = SysTick_Handler
</UL>
<BR>[Calls]<UL><LI><a href="#[8c]">&gt;&gt;</a>&nbsp;&nbsp;&nbsp;system_incTick
</UL>
<BR>[Address Reference Count : 1]<UL><LI> startup_stm32f30x.o(RESET)
</UL>
<P><STRONG><a name="[4e]"></a>SystemInit</STRONG> (Thumb, 94 bytes, Stack size 8 bytes, system_stm32f30x.o(i.SystemInit))
<BR><BR>[Stack]<UL><LI>Max Depth = 20<LI>Call Chain = SystemInit &rArr; SetSysClock
</UL>
<BR>[Calls]<UL><LI><a href="#[8d]">&gt;&gt;</a>&nbsp;&nbsp;&nbsp;SetSysClock
</UL>
<BR>[Address Reference Count : 1]<UL><LI> startup_stm32f30x.o(.text)
</UL>
<P><STRONG><a name="[24]"></a>TIM1_UP_TIM16_IRQHandler</STRONG> (Thumb, 12 bytes, Stack size 8 bytes, stm32f30x_it.o(i.TIM1_UP_TIM16_IRQHandler))
<BR><BR>[Stack]<UL><LI>Max Depth = 20<LI>Call Chain = TIM1_UP_TIM16_IRQHandler &rArr; TIM_GetITStatus
</UL>
<BR>[Calls]<UL><LI><a href="#[8e]">&gt;&gt;</a>&nbsp;&nbsp;&nbsp;TIM_GetITStatus
</UL>
<BR>[Address Reference Count : 1]<UL><LI> startup_stm32f30x.o(RESET)
</UL>
<P><STRONG><a name="[27]"></a>TIM2_IRQHandler</STRONG> (Thumb, 22 bytes, Stack size 8 bytes, timer.o(i.TIM2_IRQHandler))
<BR><BR>[Stack]<UL><LI>Max Depth = 8<LI>Call Chain = TIM2_IRQHandler
</UL>
<BR>[Calls]<UL><LI><a href="#[8f]">&gt;&gt;</a>&nbsp;&nbsp;&nbsp;TIM_GetFlagStatus
<LI><a href="#[90]">&gt;&gt;</a>&nbsp;&nbsp;&nbsp;TIM_ClearFlag
</UL>
<BR>[Address Reference Count : 1]<UL><LI> startup_stm32f30x.o(RESET)
</UL>
<P><STRONG><a name="[90]"></a>TIM_ClearFlag</STRONG> (Thumb, 8 bytes, Stack size 0 bytes, stm32f30x_tim.o(i.TIM_ClearFlag))
<BR><BR>[Called By]<UL><LI><a href="#[104]">&gt;&gt;</a>&nbsp;&nbsp;&nbsp;timer2_config
<LI><a href="#[27]">&gt;&gt;</a>&nbsp;&nbsp;&nbsp;TIM2_IRQHandler
</UL>

<P><STRONG><a name="[10b]"></a>TIM_Cmd</STRONG> (Thumb, 24 bytes, Stack size 0 bytes, stm32f30x_tim.o(i.TIM_Cmd))
<BR><BR>[Called By]<UL><LI><a href="#[104]">&gt;&gt;</a>&nbsp;&nbsp;&nbsp;timer2_config
</UL>

<P><STRONG><a name="[91]"></a>TIM_DeInit</STRONG> (Thumb, 276 bytes, Stack size 8 bytes, stm32f30x_tim.o(i.TIM_DeInit))
<BR><BR>[Stack]<UL><LI>Max Depth = 8<LI>Call Chain = TIM_DeInit
</UL>
<BR>[Calls]<UL><LI><a href="#[73]">&gt;&gt;</a>&nbsp;&nbsp;&nbsp;RCC_APB1PeriphResetCmd
<LI><a href="#[92]">&gt;&gt;</a>&nbsp;&nbsp;&nbsp;RCC_APB2PeriphResetCmd
</UL>
<BR>[Called By]<UL><LI><a href="#[104]">&gt;&gt;</a>&nbsp;&nbsp;&nbsp;timer2_config
</UL>

<P><STRONG><a name="[8f]"></a>TIM_GetFlagStatus</STRONG> (Thumb, 18 bytes, Stack size 0 bytes, stm32f30x_tim.o(i.TIM_GetFlagStatus))
<BR><BR>[Called By]<UL><LI><a href="#[27]">&gt;&gt;</a>&nbsp;&nbsp;&nbsp;TIM2_IRQHandler
</UL>

<P><STRONG><a name="[8e]"></a>TIM_GetITStatus</STRONG> (Thumb, 34 bytes, Stack size 12 bytes, stm32f30x_tim.o(i.TIM_GetITStatus))
<BR><BR>[Stack]<UL><LI>Max Depth = 12<LI>Call Chain = TIM_GetITStatus
</UL>
<BR>[Called By]<UL><LI><a href="#[24]">&gt;&gt;</a>&nbsp;&nbsp;&nbsp;TIM1_UP_TIM16_IRQHandler
</UL>

<P><STRONG><a name="[10a]"></a>TIM_OC2Init</STRONG> (Thumb, 116 bytes, Stack size 12 bytes, stm32f30x_tim.o(i.TIM_OC2Init))
<BR><BR>[Stack]<UL><LI>Max Depth = 12<LI>Call Chain = TIM_OC2Init
</UL>
<BR>[Called By]<UL><LI><a href="#[104]">&gt;&gt;</a>&nbsp;&nbsp;&nbsp;timer2_config
</UL>

<P><STRONG><a name="[109]"></a>TIM_OCStructInit</STRONG> (Thumb, 20 bytes, Stack size 0 bytes, stm32f30x_tim.o(i.TIM_OCStructInit))
<BR><BR>[Called By]<UL><LI><a href="#[104]">&gt;&gt;</a>&nbsp;&nbsp;&nbsp;timer2_config
</UL>

<P><STRONG><a name="[108]"></a>TIM_SelectOutputTrigger</STRONG> (Thumb, 18 bytes, Stack size 0 bytes, stm32f30x_tim.o(i.TIM_SelectOutputTrigger))
<BR><BR>[Called By]<UL><LI><a href="#[104]">&gt;&gt;</a>&nbsp;&nbsp;&nbsp;timer2_config
</UL>

<P><STRONG><a name="[107]"></a>TIM_TimeBaseInit</STRONG> (Thumb, 128 bytes, Stack size 0 bytes, stm32f30x_tim.o(i.TIM_TimeBaseInit))
<BR><BR>[Called By]<UL><LI><a href="#[104]">&gt;&gt;</a>&nbsp;&nbsp;&nbsp;timer2_config
</UL>

<P><STRONG><a name="[106]"></a>TIM_TimeBaseStructInit</STRONG> (Thumb, 18 bytes, Stack size 0 bytes, stm32f30x_tim.o(i.TIM_TimeBaseStructInit))
<BR><BR>[Called By]<UL><LI><a href="#[104]">&gt;&gt;</a>&nbsp;&nbsp;&nbsp;timer2_config
</UL>

<P><STRONG><a name="[31]"></a>USART2_IRQHandler</STRONG> (Thumb, 158 bytes, Stack size 8 bytes, uart.o(i.USART2_IRQHandler))
<BR><BR>[Stack]<UL><LI>Max Depth = 632<LI>Call Chain = USART2_IRQHandler &rArr; modbus_msg_deal_handler &rArr; modbus_write_ack &rArr; modbus_error_ask &rArr; uart_data_send
</UL>
<BR>[Calls]<UL><LI><a href="#[96]">&gt;&gt;</a>&nbsp;&nbsp;&nbsp;modbus_msg_deal_handler
<LI><a href="#[95]">&gt;&gt;</a>&nbsp;&nbsp;&nbsp;USART_ReceiveData
<LI><a href="#[93]">&gt;&gt;</a>&nbsp;&nbsp;&nbsp;USART_GetITStatus
<LI><a href="#[94]">&gt;&gt;</a>&nbsp;&nbsp;&nbsp;USART_ClearITPendingBit
</UL>
<BR>[Address Reference Count : 1]<UL><LI> startup_stm32f30x.o(RESET)
</UL>
<P><STRONG><a name="[94]"></a>USART_ClearITPendingBit</STRONG> (Thumb, 18 bytes, Stack size 8 bytes, stm32f30x_usart.o(i.USART_ClearITPendingBit))
<BR><BR>[Stack]<UL><LI>Max Depth = 8<LI>Call Chain = USART_ClearITPendingBit
</UL>
<BR>[Called By]<UL><LI><a href="#[31]">&gt;&gt;</a>&nbsp;&nbsp;&nbsp;USART2_IRQHandler
</UL>

<P><STRONG><a name="[10e]"></a>USART_Cmd</STRONG> (Thumb, 22 bytes, Stack size 0 bytes, stm32f30x_usart.o(i.USART_Cmd))
<BR><BR>[Called By]<UL><LI><a href="#[10c]">&gt;&gt;</a>&nbsp;&nbsp;&nbsp;uart2_config
</UL>

<P><STRONG><a name="[97]"></a>USART_DeInit</STRONG> (Thumb, 134 bytes, Stack size 8 bytes, stm32f30x_usart.o(i.USART_DeInit))
<BR><BR>[Stack]<UL><LI>Max Depth = 8<LI>Call Chain = USART_DeInit
</UL>
<BR>[Calls]<UL><LI><a href="#[73]">&gt;&gt;</a>&nbsp;&nbsp;&nbsp;RCC_APB1PeriphResetCmd
<LI><a href="#[92]">&gt;&gt;</a>&nbsp;&nbsp;&nbsp;RCC_APB2PeriphResetCmd
</UL>
<BR>[Called By]<UL><LI><a href="#[10c]">&gt;&gt;</a>&nbsp;&nbsp;&nbsp;uart2_config
</UL>

<P><STRONG><a name="[10f]"></a>USART_GetFlagStatus</STRONG> (Thumb, 18 bytes, Stack size 0 bytes, stm32f30x_usart.o(i.USART_GetFlagStatus))
<BR><BR>[Called By]<UL><LI><a href="#[10c]">&gt;&gt;</a>&nbsp;&nbsp;&nbsp;uart2_config
<LI><a href="#[f9]">&gt;&gt;</a>&nbsp;&nbsp;&nbsp;uart_data_send
</UL>

<P><STRONG><a name="[93]"></a>USART_GetITStatus</STRONG> (Thumb, 74 bytes, Stack size 16 bytes, stm32f30x_usart.o(i.USART_GetITStatus))
<BR><BR>[Stack]<UL><LI>Max Depth = 16<LI>Call Chain = USART_GetITStatus
</UL>
<BR>[Called By]<UL><LI><a href="#[31]">&gt;&gt;</a>&nbsp;&nbsp;&nbsp;USART2_IRQHandler
</UL>

<P><STRONG><a name="[10d]"></a>USART_ITConfig</STRONG> (Thumb, 58 bytes, Stack size 20 bytes, stm32f30x_usart.o(i.USART_ITConfig))
<BR><BR>[Stack]<UL><LI>Max Depth = 20<LI>Call Chain = USART_ITConfig
</UL>
<BR>[Called By]<UL><LI><a href="#[10c]">&gt;&gt;</a>&nbsp;&nbsp;&nbsp;uart2_config
</UL>

<P><STRONG><a name="[98]"></a>USART_Init</STRONG> (Thumb, 220 bytes, Stack size 120 bytes, stm32f30x_usart.o(i.USART_Init))
<BR><BR>[Stack]<UL><LI>Max Depth = 148<LI>Call Chain = USART_Init &rArr; RCC_GetClocksFreq
</UL>
<BR>[Calls]<UL><LI><a href="#[99]">&gt;&gt;</a>&nbsp;&nbsp;&nbsp;RCC_GetClocksFreq
</UL>
<BR>[Called By]<UL><LI><a href="#[10c]">&gt;&gt;</a>&nbsp;&nbsp;&nbsp;uart2_config
</UL>

<P><STRONG><a name="[95]"></a>USART_ReceiveData</STRONG> (Thumb, 10 bytes, Stack size 0 bytes, stm32f30x_usart.o(i.USART_ReceiveData))
<BR><BR>[Called By]<UL><LI><a href="#[31]">&gt;&gt;</a>&nbsp;&nbsp;&nbsp;USART2_IRQHandler
</UL>

<P><STRONG><a name="[112]"></a>USART_SendData</STRONG> (Thumb, 8 bytes, Stack size 0 bytes, stm32f30x_usart.o(i.USART_SendData))
<BR><BR>[Called By]<UL><LI><a href="#[f9]">&gt;&gt;</a>&nbsp;&nbsp;&nbsp;uart_data_send
</UL>

<P><STRONG><a name="[6]"></a>UsageFault_Handler</STRONG> (Thumb, 4 bytes, Stack size 0 bytes, stm32f30x_it.o(i.UsageFault_Handler))
<BR>[Address Reference Count : 1]<UL><LI> startup_stm32f30x.o(RESET)
</UL>
<P><STRONG><a name="[a6]"></a>__ARM_fpclassify</STRONG> (Thumb, 48 bytes, Stack size 8 bytes, fpclassify.o(i.__ARM_fpclassify))
<BR><BR>[Stack]<UL><LI>Max Depth = 8<LI>Call Chain = __ARM_fpclassify
</UL>
<BR>[Called By]<UL><LI><a href="#[9a]">&gt;&gt;</a>&nbsp;&nbsp;&nbsp;__hardfp_pow
</UL>

<P><STRONG><a name="[9a]"></a>__hardfp_pow</STRONG> (Thumb, 3072 bytes, Stack size 192 bytes, pow.o(i.__hardfp_pow))
<BR><BR>[Stack]<UL><LI>Max Depth = 304<LI>Call Chain = __hardfp_pow &rArr; __kernel_poly &rArr; __aeabi_dmul &rArr; _double_epilogue &rArr; _double_round
</UL>
<BR>[Calls]<UL><LI><a href="#[69]">&gt;&gt;</a>&nbsp;&nbsp;&nbsp;__aeabi_i2d
<LI><a href="#[67]">&gt;&gt;</a>&nbsp;&nbsp;&nbsp;__aeabi_dmul
<LI><a href="#[68]">&gt;&gt;</a>&nbsp;&nbsp;&nbsp;__aeabi_ddiv
<LI><a href="#[60]">&gt;&gt;</a>&nbsp;&nbsp;&nbsp;__aeabi_dadd
<LI><a href="#[66]">&gt;&gt;</a>&nbsp;&nbsp;&nbsp;__aeabi_drsub
<LI><a href="#[a5]">&gt;&gt;</a>&nbsp;&nbsp;&nbsp;__ARM_scalbn
<LI><a href="#[65]">&gt;&gt;</a>&nbsp;&nbsp;&nbsp;__aeabi_dsub
<LI><a href="#[a4]">&gt;&gt;</a>&nbsp;&nbsp;&nbsp;__aeabi_cdrcmple
<LI><a href="#[9c]">&gt;&gt;</a>&nbsp;&nbsp;&nbsp;__set_errno
<LI><a href="#[9f]">&gt;&gt;</a>&nbsp;&nbsp;&nbsp;sqrt
<LI><a href="#[a3]">&gt;&gt;</a>&nbsp;&nbsp;&nbsp;__kernel_poly
<LI><a href="#[a6]">&gt;&gt;</a>&nbsp;&nbsp;&nbsp;__ARM_fpclassify
<LI><a href="#[a0]">&gt;&gt;</a>&nbsp;&nbsp;&nbsp;fabs
<LI><a href="#[a2]">&gt;&gt;</a>&nbsp;&nbsp;&nbsp;__mathlib_dbl_underflow
<LI><a href="#[9e]">&gt;&gt;</a>&nbsp;&nbsp;&nbsp;__mathlib_dbl_overflow
<LI><a href="#[a1]">&gt;&gt;</a>&nbsp;&nbsp;&nbsp;__mathlib_dbl_invalid
<LI><a href="#[9b]">&gt;&gt;</a>&nbsp;&nbsp;&nbsp;__mathlib_dbl_infnan2
<LI><a href="#[9d]">&gt;&gt;</a>&nbsp;&nbsp;&nbsp;__mathlib_dbl_divzero
</UL>
<BR>[Called By]<UL><LI><a href="#[de]">&gt;&gt;</a>&nbsp;&nbsp;&nbsp;gas_h2_calculate
<LI><a href="#[d8]">&gt;&gt;</a>&nbsp;&nbsp;&nbsp;gas_co_calculate
</UL>

<P><STRONG><a name="[a3]"></a>__kernel_poly</STRONG> (Thumb, 248 bytes, Stack size 24 bytes, poly.o(i.__kernel_poly))
<BR><BR>[Stack]<UL><LI>Max Depth = 112<LI>Call Chain = __kernel_poly &rArr; __aeabi_dmul &rArr; _double_epilogue &rArr; _double_round
</UL>
<BR>[Calls]<UL><LI><a href="#[67]">&gt;&gt;</a>&nbsp;&nbsp;&nbsp;__aeabi_dmul
<LI><a href="#[60]">&gt;&gt;</a>&nbsp;&nbsp;&nbsp;__aeabi_dadd
</UL>
<BR>[Called By]<UL><LI><a href="#[9a]">&gt;&gt;</a>&nbsp;&nbsp;&nbsp;__hardfp_pow
</UL>

<P><STRONG><a name="[9d]"></a>__mathlib_dbl_divzero</STRONG> (Thumb, 28 bytes, Stack size 8 bytes, dunder.o(i.__mathlib_dbl_divzero))
<BR><BR>[Stack]<UL><LI>Max Depth = 48<LI>Call Chain = __mathlib_dbl_divzero &rArr; __aeabi_ddiv &rArr; _double_round
</UL>
<BR>[Calls]<UL><LI><a href="#[68]">&gt;&gt;</a>&nbsp;&nbsp;&nbsp;__aeabi_ddiv
</UL>
<BR>[Called By]<UL><LI><a href="#[9a]">&gt;&gt;</a>&nbsp;&nbsp;&nbsp;__hardfp_pow
</UL>

<P><STRONG><a name="[9b]"></a>__mathlib_dbl_infnan2</STRONG> (Thumb, 20 bytes, Stack size 8 bytes, dunder.o(i.__mathlib_dbl_infnan2))
<BR><BR>[Stack]<UL><LI>Max Depth = 96<LI>Call Chain = __mathlib_dbl_infnan2 &rArr; __aeabi_dadd &rArr; _double_epilogue &rArr; _double_round
</UL>
<BR>[Calls]<UL><LI><a href="#[60]">&gt;&gt;</a>&nbsp;&nbsp;&nbsp;__aeabi_dadd
</UL>
<BR>[Called By]<UL><LI><a href="#[9a]">&gt;&gt;</a>&nbsp;&nbsp;&nbsp;__hardfp_pow
</UL>

<P><STRONG><a name="[a1]"></a>__mathlib_dbl_invalid</STRONG> (Thumb, 24 bytes, Stack size 8 bytes, dunder.o(i.__mathlib_dbl_invalid))
<BR><BR>[Stack]<UL><LI>Max Depth = 48<LI>Call Chain = __mathlib_dbl_invalid &rArr; __aeabi_ddiv &rArr; _double_round
</UL>
<BR>[Calls]<UL><LI><a href="#[68]">&gt;&gt;</a>&nbsp;&nbsp;&nbsp;__aeabi_ddiv
</UL>
<BR>[Called By]<UL><LI><a href="#[9a]">&gt;&gt;</a>&nbsp;&nbsp;&nbsp;__hardfp_pow
</UL>

<P><STRONG><a name="[9e]"></a>__mathlib_dbl_overflow</STRONG> (Thumb, 24 bytes, Stack size 8 bytes, dunder.o(i.__mathlib_dbl_overflow))
<BR><BR>[Stack]<UL><LI>Max Depth = 96<LI>Call Chain = __mathlib_dbl_overflow &rArr; __aeabi_dmul &rArr; _double_epilogue &rArr; _double_round
</UL>
<BR>[Calls]<UL><LI><a href="#[67]">&gt;&gt;</a>&nbsp;&nbsp;&nbsp;__aeabi_dmul
</UL>
<BR>[Called By]<UL><LI><a href="#[9a]">&gt;&gt;</a>&nbsp;&nbsp;&nbsp;__hardfp_pow
</UL>

<P><STRONG><a name="[a2]"></a>__mathlib_dbl_underflow</STRONG> (Thumb, 24 bytes, Stack size 8 bytes, dunder.o(i.__mathlib_dbl_underflow))
<BR><BR>[Stack]<UL><LI>Max Depth = 96<LI>Call Chain = __mathlib_dbl_underflow &rArr; __aeabi_dmul &rArr; _double_epilogue &rArr; _double_round
</UL>
<BR>[Calls]<UL><LI><a href="#[67]">&gt;&gt;</a>&nbsp;&nbsp;&nbsp;__aeabi_dmul
</UL>
<BR>[Called By]<UL><LI><a href="#[9a]">&gt;&gt;</a>&nbsp;&nbsp;&nbsp;__hardfp_pow
</UL>

<P><STRONG><a name="[127]"></a>__scatterload_copy</STRONG> (Thumb, 14 bytes, Stack size unknown bytes, handlers.o(i.__scatterload_copy), UNUSED)

<P><STRONG><a name="[128]"></a>__scatterload_null</STRONG> (Thumb, 2 bytes, Stack size unknown bytes, handlers.o(i.__scatterload_null), UNUSED)

<P><STRONG><a name="[129]"></a>__scatterload_zeroinit</STRONG> (Thumb, 14 bytes, Stack size unknown bytes, handlers.o(i.__scatterload_zeroinit), UNUSED)

<P><STRONG><a name="[9c]"></a>__set_errno</STRONG> (Thumb, 6 bytes, Stack size 0 bytes, errno.o(i.__set_errno))
<BR><BR>[Called By]<UL><LI><a href="#[9a]">&gt;&gt;</a>&nbsp;&nbsp;&nbsp;__hardfp_pow
<LI><a href="#[9f]">&gt;&gt;</a>&nbsp;&nbsp;&nbsp;sqrt
</UL>

<P><STRONG><a name="[a7]"></a>adc2_config</STRONG> (Thumb, 180 bytes, Stack size 56 bytes, adc.o(i.adc2_config))
<BR><BR>[Stack]<UL><LI>Max Depth = 76<LI>Call Chain = adc2_config &rArr; ADC_RegularChannelConfig
</UL>
<BR>[Calls]<UL><LI><a href="#[b3]">&gt;&gt;</a>&nbsp;&nbsp;&nbsp;DMA_Cmd
<LI><a href="#[a8]">&gt;&gt;</a>&nbsp;&nbsp;&nbsp;ADC_VoltageRegulatorCmd
<LI><a href="#[b4]">&gt;&gt;</a>&nbsp;&nbsp;&nbsp;ADC_StartConversion
<LI><a href="#[aa]">&gt;&gt;</a>&nbsp;&nbsp;&nbsp;ADC_StartCalibration
<LI><a href="#[a9]">&gt;&gt;</a>&nbsp;&nbsp;&nbsp;ADC_SelectCalibrationMode
<LI><a href="#[ae]">&gt;&gt;</a>&nbsp;&nbsp;&nbsp;ADC_RegularChannelConfig
<LI><a href="#[ad]">&gt;&gt;</a>&nbsp;&nbsp;&nbsp;ADC_Init
<LI><a href="#[b2]">&gt;&gt;</a>&nbsp;&nbsp;&nbsp;ADC_GetFlagStatus
<LI><a href="#[ab]">&gt;&gt;</a>&nbsp;&nbsp;&nbsp;ADC_GetCalibrationStatus
<LI><a href="#[af]">&gt;&gt;</a>&nbsp;&nbsp;&nbsp;ADC_DMAConfig
<LI><a href="#[b0]">&gt;&gt;</a>&nbsp;&nbsp;&nbsp;ADC_DMACmd
<LI><a href="#[ac]">&gt;&gt;</a>&nbsp;&nbsp;&nbsp;ADC_CommonInit
<LI><a href="#[b1]">&gt;&gt;</a>&nbsp;&nbsp;&nbsp;ADC_Cmd
</UL>
<BR>[Called By]<UL><LI><a href="#[bf]">&gt;&gt;</a>&nbsp;&nbsp;&nbsp;adc_init
</UL>

<P><STRONG><a name="[b5]"></a>adc2_dma2_ch1_config</STRONG> (Thumb, 70 bytes, Stack size 48 bytes, adc.o(i.adc2_dma2_ch1_config))
<BR><BR>[Stack]<UL><LI>Max Depth = 56<LI>Call Chain = adc2_dma2_ch1_config &rArr; DMA_Init
</UL>
<BR>[Calls]<UL><LI><a href="#[b6]">&gt;&gt;</a>&nbsp;&nbsp;&nbsp;DMA_Init
<LI><a href="#[7b]">&gt;&gt;</a>&nbsp;&nbsp;&nbsp;RCC_AHBPeriphClockCmd
</UL>
<BR>[Called By]<UL><LI><a href="#[bf]">&gt;&gt;</a>&nbsp;&nbsp;&nbsp;adc_init
</UL>

<P><STRONG><a name="[b7]"></a>adc3_config</STRONG> (Thumb, 186 bytes, Stack size 56 bytes, adc.o(i.adc3_config))
<BR><BR>[Stack]<UL><LI>Max Depth = 76<LI>Call Chain = adc3_config &rArr; ADC_RegularChannelConfig
</UL>
<BR>[Calls]<UL><LI><a href="#[b3]">&gt;&gt;</a>&nbsp;&nbsp;&nbsp;DMA_Cmd
<LI><a href="#[a8]">&gt;&gt;</a>&nbsp;&nbsp;&nbsp;ADC_VoltageRegulatorCmd
<LI><a href="#[b4]">&gt;&gt;</a>&nbsp;&nbsp;&nbsp;ADC_StartConversion
<LI><a href="#[aa]">&gt;&gt;</a>&nbsp;&nbsp;&nbsp;ADC_StartCalibration
<LI><a href="#[a9]">&gt;&gt;</a>&nbsp;&nbsp;&nbsp;ADC_SelectCalibrationMode
<LI><a href="#[ae]">&gt;&gt;</a>&nbsp;&nbsp;&nbsp;ADC_RegularChannelConfig
<LI><a href="#[ad]">&gt;&gt;</a>&nbsp;&nbsp;&nbsp;ADC_Init
<LI><a href="#[b2]">&gt;&gt;</a>&nbsp;&nbsp;&nbsp;ADC_GetFlagStatus
<LI><a href="#[ab]">&gt;&gt;</a>&nbsp;&nbsp;&nbsp;ADC_GetCalibrationStatus
<LI><a href="#[af]">&gt;&gt;</a>&nbsp;&nbsp;&nbsp;ADC_DMAConfig
<LI><a href="#[b0]">&gt;&gt;</a>&nbsp;&nbsp;&nbsp;ADC_DMACmd
<LI><a href="#[ac]">&gt;&gt;</a>&nbsp;&nbsp;&nbsp;ADC_CommonInit
<LI><a href="#[b1]">&gt;&gt;</a>&nbsp;&nbsp;&nbsp;ADC_Cmd
</UL>
<BR>[Called By]<UL><LI><a href="#[bf]">&gt;&gt;</a>&nbsp;&nbsp;&nbsp;adc_init
</UL>

<P><STRONG><a name="[b8]"></a>adc3_dma2_ch5_config</STRONG> (Thumb, 110 bytes, Stack size 56 bytes, adc.o(i.adc3_dma2_ch5_config))
<BR><BR>[Stack]<UL><LI>Max Depth = 72<LI>Call Chain = adc3_dma2_ch5_config &rArr; NVIC_Init
</UL>
<BR>[Calls]<UL><LI><a href="#[b6]">&gt;&gt;</a>&nbsp;&nbsp;&nbsp;DMA_Init
<LI><a href="#[ba]">&gt;&gt;</a>&nbsp;&nbsp;&nbsp;DMA_ITConfig
<LI><a href="#[7b]">&gt;&gt;</a>&nbsp;&nbsp;&nbsp;RCC_AHBPeriphClockCmd
<LI><a href="#[b9]">&gt;&gt;</a>&nbsp;&nbsp;&nbsp;NVIC_Init
</UL>
<BR>[Called By]<UL><LI><a href="#[bf]">&gt;&gt;</a>&nbsp;&nbsp;&nbsp;adc_init
</UL>

<P><STRONG><a name="[bb]"></a>adc4_config</STRONG> (Thumb, 174 bytes, Stack size 56 bytes, adc.o(i.adc4_config))
[...]
</UL>
<BR>[Calls]<UL><LI><a href="#[86]">&gt;&gt;</a>&nbsp;&nbsp;&nbsp;system_timer_triggered
<LI><a href="#[87]">&gt;&gt;</a>&nbsp;&nbsp;&nbsp;sysTask_publish
<LI><a href="#[79]">&gt;&gt;</a>&nbsp;&nbsp;&nbsp;system_tick_get
</UL>
<BR>[Called By]<UL><LI><a href="#[4d]">&gt;&gt;</a>&nbsp;&nbsp;&nbsp;main
</UL>

<P><STRONG><a name="[54]"></a>led_task_callback</STRONG> (Thumb, 34 bytes, Stack size 8 bytes, led.o(i.led_task_callback))
<BR><BR>[Stack]<UL><LI>Max Depth = 16<LI>Call Chain = led_task_callback &rArr; led_on
</UL>
<BR>[Calls]<UL><LI><a href="#[f0]">&gt;&gt;</a>&nbsp;&nbsp;&nbsp;led_on
<LI><a href="#[ef]">&gt;&gt;</a>&nbsp;&nbsp;&nbsp;led_off
</UL>
<BR>[Address Reference Count : 1]<UL><LI> led.o(i.led_task)
</UL>
<P><STRONG><a name="[4d]"></a>main</STRONG> (Thumb, 134 bytes, Stack size 0 bytes, main.o(i.main))
<BR><BR>[Stack]<UL><LI>Max Depth = 188<LI>Call Chain = main &rArr; uart2_init &rArr; uart2_config &rArr; USART_Init &rArr; RCC_GetClocksFreq
</UL>
<BR>[Calls]<UL><LI><a href="#[f5]">&gt;&gt;</a>&nbsp;&nbsp;&nbsp;uart2_init
<LI><a href="#[f4]">&gt;&gt;</a>&nbsp;&nbsp;&nbsp;timer_init
<LI><a href="#[f3]">&gt;&gt;</a>&nbsp;&nbsp;&nbsp;sysTask_init
<LI><a href="#[f6]">&gt;&gt;</a>&nbsp;&nbsp;&nbsp;sysTask_execute_handler
<LI><a href="#[f2]">&gt;&gt;</a>&nbsp;&nbsp;&nbsp;modbus_generate_crcTable
<LI><a href="#[f1]">&gt;&gt;</a>&nbsp;&nbsp;&nbsp;led_task
<LI><a href="#[ee]">&gt;&gt;</a>&nbsp;&nbsp;&nbsp;led_init
<LI><a href="#[ec]">&gt;&gt;</a>&nbsp;&nbsp;&nbsp;gas_task
<LI><a href="#[e3]">&gt;&gt;</a>&nbsp;&nbsp;&nbsp;gas_init
<LI><a href="#[d6]">&gt;&gt;</a>&nbsp;&nbsp;&nbsp;dac_init
<LI><a href="#[c8]">&gt;&gt;</a>&nbsp;&nbsp;&nbsp;battery_info_task
<LI><a href="#[bf]">&gt;&gt;</a>&nbsp;&nbsp;&nbsp;adc_init
<LI><a href="#[88]">&gt;&gt;</a>&nbsp;&nbsp;&nbsp;NTC_task
<LI><a href="#[85]">&gt;&gt;</a>&nbsp;&nbsp;&nbsp;GXHTC3_task
<LI><a href="#[7a]">&gt;&gt;</a>&nbsp;&nbsp;&nbsp;GXHTC3_device_init
</UL>
<BR>[Address Reference Count : 1]<UL><LI> entry9a.o(.ARM.Collect$$$$0000000B)
</UL>
<P><STRONG><a name="[f8]"></a>modbus_calculate_crc</STRONG> (Thumb, 40 bytes, Stack size 12 bytes, modbus.o(i.modbus_calculate_crc))
<BR><BR>[Stack]<UL><LI>Max Depth = 12<LI>Call Chain = modbus_calculate_crc
</UL>
<BR>[Called By]<UL><LI><a href="#[fb]">&gt;&gt;</a>&nbsp;&nbsp;&nbsp;modbus_write_ack
<LI><a href="#[fa]">&gt;&gt;</a>&nbsp;&nbsp;&nbsp;modbus_read_ack
<LI><a href="#[96]">&gt;&gt;</a>&nbsp;&nbsp;&nbsp;modbus_msg_deal_handler
<LI><a href="#[f7]">&gt;&gt;</a>&nbsp;&nbsp;&nbsp;modbus_error_ask
</UL>

<P><STRONG><a name="[f7]"></a>modbus_error_ask</STRONG> (Thumb, 88 bytes, Stack size 280 bytes, modbus.o(i.modbus_error_ask))
<BR><BR>[Stack]<UL><LI>Max Depth = 296<LI>Call Chain = modbus_error_ask &rArr; uart_data_send
</UL>
<BR>[Calls]<UL><LI><a href="#[f9]">&gt;&gt;</a>&nbsp;&nbsp;&nbsp;uart_data_send
<LI><a href="#[f8]">&gt;&gt;</a>&nbsp;&nbsp;&nbsp;modbus_calculate_crc
<LI><a href="#[ca]">&gt;&gt;</a>&nbsp;&nbsp;&nbsp;__aeabi_memclr4
</UL>
<BR>[Called By]<UL><LI><a href="#[fb]">&gt;&gt;</a>&nbsp;&nbsp;&nbsp;modbus_write_ack
<LI><a href="#[fa]">&gt;&gt;</a>&nbsp;&nbsp;&nbsp;modbus_read_ack
<LI><a href="#[96]">&gt;&gt;</a>&nbsp;&nbsp;&nbsp;modbus_msg_deal_handler
</UL>

<P><STRONG><a name="[f2]"></a>modbus_generate_crcTable</STRONG> (Thumb, 58 bytes, Stack size 12 bytes, modbus.o(i.modbus_generate_crcTable))
<BR><BR>[Stack]<UL><LI>Max Depth = 12<LI>Call Chain = modbus_generate_crcTable
</UL>
<BR>[Called By]<UL><LI><a href="#[4d]">&gt;&gt;</a>&nbsp;&nbsp;&nbsp;main
</UL>

<P><STRONG><a name="[96]"></a>modbus_msg_deal_handler</STRONG> (Thumb, 134 bytes, Stack size 32 bytes, modbus.o(i.modbus_msg_deal_handler))
<BR><BR>[Stack]<UL><LI>Max Depth = 624<LI>Call Chain = modbus_msg_deal_handler &rArr; modbus_write_ack &rArr; modbus_error_ask &rArr; uart_data_send
</UL>
<BR>[Calls]<UL><LI><a href="#[fb]">&gt;&gt;</a>&nbsp;&nbsp;&nbsp;modbus_write_ack
<LI><a href="#[fa]">&gt;&gt;</a>&nbsp;&nbsp;&nbsp;modbus_read_ack
<LI><a href="#[f7]">&gt;&gt;</a>&nbsp;&nbsp;&nbsp;modbus_error_ask
<LI><a href="#[f8]">&gt;&gt;</a>&nbsp;&nbsp;&nbsp;modbus_calculate_crc
</UL>
<BR>[Called By]<UL><LI><a href="#[31]">&gt;&gt;</a>&nbsp;&nbsp;&nbsp;USART2_IRQHandler
</UL>

<P><STRONG><a name="[fa]"></a>modbus_read_ack</STRONG> (Thumb, 260 bytes, Stack size 288 bytes, modbus.o(i.modbus_read_ack))
<BR><BR>[Stack]<UL><LI>Max Depth = 584<LI>Call Chain = modbus_read_ack &rArr; modbus_error_ask &rArr; uart_data_send
</UL>
<BR>[Calls]<UL><LI><a href="#[f9]">&gt;&gt;</a>&nbsp;&nbsp;&nbsp;uart_data_send
<LI><a href="#[f7]">&gt;&gt;</a>&nbsp;&nbsp;&nbsp;modbus_error_ask
<LI><a href="#[f8]">&gt;&gt;</a>&nbsp;&nbsp;&nbsp;modbus_calculate_crc
<LI><a href="#[ca]">&gt;&gt;</a>&nbsp;&nbsp;&nbsp;__aeabi_memclr4
<LI><a href="#[fc]">&gt;&gt;</a>&nbsp;&nbsp;&nbsp;__aeabi_memcpy
</UL>
<BR>[Called By]<UL><LI><a href="#[96]">&gt;&gt;</a>&nbsp;&nbsp;&nbsp;modbus_msg_deal_handler
</UL>

<P><STRONG><a name="[fd]"></a>modbus_reg_data_reverse</STRONG> (Thumb, 18 bytes, Stack size 8 bytes, modbus.o(i.modbus_reg_data_reverse))
<BR><BR>[Stack]<UL><LI>Max Depth = 8<LI>Call Chain = modbus_reg_data_reverse
</UL>
<BR>[Called By]<UL><LI><a href="#[80]">&gt;&gt;</a>&nbsp;&nbsp;&nbsp;modbus_reg_write
</UL>

<P><STRONG><a name="[80]"></a>modbus_reg_write</STRONG> (Thumb, 104 bytes, Stack size 24 bytes, modbus.o(i.modbus_reg_write))
<BR><BR>[Stack]<UL><LI>Max Depth = 32<LI>Call Chain = modbus_reg_write &rArr; modbus_reg_data_reverse
</UL>
<BR>[Calls]<UL><LI><a href="#[fd]">&gt;&gt;</a>&nbsp;&nbsp;&nbsp;modbus_reg_data_reverse
<LI><a href="#[fc]">&gt;&gt;</a>&nbsp;&nbsp;&nbsp;__aeabi_memcpy
</UL>
<BR>[Called By]<UL><LI><a href="#[7d]">&gt;&gt;</a>&nbsp;&nbsp;&nbsp;GXHTC3_device_read_temp_huty_value
<LI><a href="#[c9]">&gt;&gt;</a>&nbsp;&nbsp;&nbsp;battery_inres_calculate
<LI><a href="#[e5]">&gt;&gt;</a>&nbsp;&nbsp;&nbsp;gas_smoke_check
<LI><a href="#[de]">&gt;&gt;</a>&nbsp;&nbsp;&nbsp;gas_h2_calculate
<LI><a href="#[d8]">&gt;&gt;</a>&nbsp;&nbsp;&nbsp;gas_co_calculate
<LI><a href="#[51]">&gt;&gt;</a>&nbsp;&nbsp;&nbsp;NTC_task_callback
</UL>

<P><STRONG><a name="[fb]"></a>modbus_write_ack</STRONG> (Thumb, 290 bytes, Stack size 296 bytes, modbus.o(i.modbus_write_ack))
<BR><BR>[Stack]<UL><LI>Max Depth = 592<LI>Call Chain = modbus_write_ack &rArr; modbus_error_ask &rArr; uart_data_send
</UL>
<BR>[Calls]<UL><LI><a href="#[f9]">&gt;&gt;</a>&nbsp;&nbsp;&nbsp;uart_data_send
<LI><a href="#[fe]">&gt;&gt;</a>&nbsp;&nbsp;&nbsp;gas_param_save_flag_set
<LI><a href="#[f7]">&gt;&gt;</a>&nbsp;&nbsp;&nbsp;modbus_error_ask
<LI><a href="#[f8]">&gt;&gt;</a>&nbsp;&nbsp;&nbsp;modbus_calculate_crc
<LI><a href="#[ca]">&gt;&gt;</a>&nbsp;&nbsp;&nbsp;__aeabi_memclr4
<LI><a href="#[fc]">&gt;&gt;</a>&nbsp;&nbsp;&nbsp;__aeabi_memcpy
</UL>
<BR>[Called By]<UL><LI><a href="#[96]">&gt;&gt;</a>&nbsp;&nbsp;&nbsp;modbus_msg_deal_handler
</UL>

<P><STRONG><a name="[56]"></a>si2c_devcie_stop</STRONG> (Thumb, 42 bytes, Stack size 8 bytes, si2c.o(i.si2c_devcie_stop))
<BR><BR>[Stack]<UL><LI>Max Depth = 16<LI>Call Chain = si2c_devcie_stop &rArr; si2c_device_delay
</UL>
<BR>[Calls]<UL><LI><a href="#[ea]">&gt;&gt;</a>&nbsp;&nbsp;&nbsp;GPIO_SetBits
<LI><a href="#[eb]">&gt;&gt;</a>&nbsp;&nbsp;&nbsp;GPIO_ResetBits
<LI><a href="#[ff]">&gt;&gt;</a>&nbsp;&nbsp;&nbsp;si2c_device_delay
</UL>
<BR>[Address Reference Count : 1]<UL><LI> si2c.o(.data)
</UL>
<P><STRONG><a name="[7c]"></a>si2c_device_init</STRONG> (Thumb, 60 bytes, Stack size 16 bytes, si2c.o(i.si2c_device_init))
<BR><BR>[Stack]<UL><LI>Max Depth = 36<LI>Call Chain = si2c_device_init &rArr; GPIO_Init
</UL>
<BR>[Calls]<UL><LI><a href="#[eb]">&gt;&gt;</a>&nbsp;&nbsp;&nbsp;GPIO_ResetBits
<LI><a href="#[be]">&gt;&gt;</a>&nbsp;&nbsp;&nbsp;GPIO_Init
</UL>
<BR>[Called By]<UL><LI><a href="#[7a]">&gt;&gt;</a>&nbsp;&nbsp;&nbsp;GXHTC3_device_init
</UL>

<P><STRONG><a name="[5a]"></a>si2c_device_recive_ack</STRONG> (Thumb, 74 bytes, Stack size 16 bytes, si2c.o(i.si2c_device_recive_ack))
<BR><BR>[Stack]<UL><LI>Max Depth = 60<LI>Call Chain = si2c_device_recive_ack &rArr; si2c_device_sda_mode_set &rArr; GPIO_Init
</UL>
<BR>[Calls]<UL><LI><a href="#[ea]">&gt;&gt;</a>&nbsp;&nbsp;&nbsp;GPIO_SetBits
<LI><a href="#[eb]">&gt;&gt;</a>&nbsp;&nbsp;&nbsp;GPIO_ResetBits
<LI><a href="#[101]">&gt;&gt;</a>&nbsp;&nbsp;&nbsp;GPIO_ReadInputDataBit
<LI><a href="#[102]">&gt;&gt;</a>&nbsp;&nbsp;&nbsp;si2c_device_sda_mode_set
<LI><a href="#[ff]">&gt;&gt;</a>&nbsp;&nbsp;&nbsp;si2c_device_delay
</UL>
<BR>[Address Reference Count : 1]<UL><LI> si2c.o(.data)
</UL>
<P><STRONG><a name="[59]"></a>si2c_device_send_ack</STRONG> (Thumb, 64 bytes, Stack size 16 bytes, si2c.o(i.si2c_device_send_ack))
<BR><BR>[Stack]<UL><LI>Max Depth = 24<LI>Call Chain = si2c_device_send_ack &rArr; si2c_device_delay
</UL>
<BR>[Calls]<UL><LI><a href="#[ea]">&gt;&gt;</a>&nbsp;&nbsp;&nbsp;GPIO_SetBits
<LI><a href="#[eb]">&gt;&gt;</a>&nbsp;&nbsp;&nbsp;GPIO_ResetBits
<LI><a href="#[ff]">&gt;&gt;</a>&nbsp;&nbsp;&nbsp;si2c_device_delay
</UL>
<BR>[Address Reference Count : 1]<UL><LI> si2c.o(.data)
</UL>
<P><STRONG><a name="[55]"></a>si2c_device_start</STRONG> (Thumb, 30 bytes, Stack size 8 bytes, si2c.o(i.si2c_device_start))
<BR><BR>[Stack]<UL><LI>Max Depth = 16<LI>Call Chain = si2c_device_start &rArr; si2c_device_delay
</UL>
<BR>[Calls]<UL><LI><a href="#[eb]">&gt;&gt;</a>&nbsp;&nbsp;&nbsp;GPIO_ResetBits
<LI><a href="#[ff]">&gt;&gt;</a>&nbsp;&nbsp;&nbsp;si2c_device_delay
</UL>
<BR>[Address Reference Count : 1]<UL><LI> si2c.o(.data)
</UL>
<P><STRONG><a name="[57]"></a>si2c_device_write_byte</STRONG> (Thumb, 42 bytes, Stack size 16 bytes, si2c.o(i.si2c_device_write_byte))
<BR><BR>[Stack]<UL><LI>Max Depth = 40<LI>Call Chain = si2c_device_write_byte &rArr; si2c_device_write_bit &rArr; si2c_device_delay
</UL>
<BR>[Calls]<UL><LI><a href="#[ea]">&gt;&gt;</a>&nbsp;&nbsp;&nbsp;GPIO_SetBits
<LI><a href="#[103]">&gt;&gt;</a>&nbsp;&nbsp;&nbsp;si2c_device_write_bit
</UL>
<BR>[Address Reference Count : 1]<UL><LI> si2c.o(.data)
</UL>
<P><STRONG><a name="[58]"></a>sim_i2c_read_byte</STRONG> (Thumb, 54 bytes, Stack size 16 bytes, si2c.o(i.sim_i2c_read_byte))
<BR><BR>[Stack]<UL><LI>Max Depth = 60<LI>Call Chain = sim_i2c_read_byte &rArr; si2c_device_sda_mode_set &rArr; GPIO_Init
</UL>
<BR>[Calls]<UL><LI><a href="#[102]">&gt;&gt;</a>&nbsp;&nbsp;&nbsp;si2c_device_sda_mode_set
<LI><a href="#[100]">&gt;&gt;</a>&nbsp;&nbsp;&nbsp;si2c_device_read_bit
</UL>
<BR>[Address Reference Count : 1]<UL><LI> si2c.o(.data)
</UL>
<P><STRONG><a name="[9f]"></a>sqrt</STRONG> (Thumb, 110 bytes, Stack size 32 bytes, sqrt.o(i.sqrt))
<BR><BR>[Stack]<UL><LI>Max Depth = 72<LI>Call Chain = sqrt &rArr; _dsqrt &rArr; _double_round
</UL>
<BR>[Calls]<UL><LI><a href="#[9c]">&gt;&gt;</a>&nbsp;&nbsp;&nbsp;__set_errno
<LI><a href="#[6f]">&gt;&gt;</a>&nbsp;&nbsp;&nbsp;_dsqrt
</UL>
<BR>[Called By]<UL><LI><a href="#[9a]">&gt;&gt;</a>&nbsp;&nbsp;&nbsp;__hardfp_pow
</UL>

<P><STRONG><a name="[f6]"></a>sysTask_execute_handler</STRONG> (Thumb, 174 bytes, Stack size 8 bytes, systask.o(i.sysTask_execute_handler))
<BR><BR>[Stack]<UL><LI>Max Depth = 8<LI>Call Chain = sysTask_execute_handler
</UL>
<BR>[Called By]<UL><LI><a href="#[4d]">&gt;&gt;</a>&nbsp;&nbsp;&nbsp;main
</UL>

<P><STRONG><a name="[f3]"></a>sysTask_init</STRONG> (Thumb, 14 bytes, Stack size 0 bytes, systask.o(i.sysTask_init))
<BR><BR>[Called By]<UL><LI><a href="#[4d]">&gt;&gt;</a>&nbsp;&nbsp;&nbsp;main
</UL>

<P><STRONG><a name="[87]"></a>sysTask_publish</STRONG> (Thumb, 72 bytes, Stack size 24 bytes, systask.o(i.sysTask_publish))
<BR><BR>[Stack]<UL><LI>Max Depth = 24<LI>Call Chain = sysTask_publish
</UL>
<BR>[Called By]<UL><LI><a href="#[f1]">&gt;&gt;</a>&nbsp;&nbsp;&nbsp;led_task
<LI><a href="#[ec]">&gt;&gt;</a>&nbsp;&nbsp;&nbsp;gas_task
<LI><a href="#[c8]">&gt;&gt;</a>&nbsp;&nbsp;&nbsp;battery_info_task
<LI><a href="#[88]">&gt;&gt;</a>&nbsp;&nbsp;&nbsp;NTC_task
<LI><a href="#[85]">&gt;&gt;</a>&nbsp;&nbsp;&nbsp;GXHTC3_task
</UL>

<P><STRONG><a name="[8c]"></a>system_incTick</STRONG> (Thumb, 12 bytes, Stack size 0 bytes, system.o(i.system_incTick))
<BR><BR>[Called By]<UL><LI><a href="#[a]">&gt;&gt;</a>&nbsp;&nbsp;&nbsp;SysTick_Handler
</UL>

<P><STRONG><a name="[79]"></a>system_tick_get</STRONG> (Thumb, 6 bytes, Stack size 0 bytes, system.o(i.system_tick_get))
<BR><BR>[Called By]<UL><LI><a href="#[f1]">&gt;&gt;</a>&nbsp;&nbsp;&nbsp;led_task
<LI><a href="#[ec]">&gt;&gt;</a>&nbsp;&nbsp;&nbsp;gas_task
<LI><a href="#[c8]">&gt;&gt;</a>&nbsp;&nbsp;&nbsp;battery_info_task
<LI><a href="#[88]">&gt;&gt;</a>&nbsp;&nbsp;&nbsp;NTC_task
<LI><a href="#[85]">&gt;&gt;</a>&nbsp;&nbsp;&nbsp;GXHTC3_task
<LI><a href="#[86]">&gt;&gt;</a>&nbsp;&nbsp;&nbsp;system_timer_triggered
<LI><a href="#[44]">&gt;&gt;</a>&nbsp;&nbsp;&nbsp;DMA2_Channel5_IRQHandler
</UL>

<P><STRONG><a name="[86]"></a>system_timer_triggered</STRONG> (Thumb, 42 bytes, Stack size 8 bytes, system.o(i.system_timer_triggered))
<BR><BR>[Stack]<UL><LI>Max Depth = 8<LI>Call Chain = system_timer_triggered
</UL>
<BR>[Calls]<UL><LI><a href="#[79]">&gt;&gt;</a>&nbsp;&nbsp;&nbsp;system_tick_get
</UL>
<BR>[Called By]<UL><LI><a href="#[f1]">&gt;&gt;</a>&nbsp;&nbsp;&nbsp;led_task
<LI><a href="#[ec]">&gt;&gt;</a>&nbsp;&nbsp;&nbsp;gas_task
<LI><a href="#[c8]">&gt;&gt;</a>&nbsp;&nbsp;&nbsp;battery_info_task
<LI><a href="#[88]">&gt;&gt;</a>&nbsp;&nbsp;&nbsp;NTC_task
<LI><a href="#[85]">&gt;&gt;</a>&nbsp;&nbsp;&nbsp;GXHTC3_task
</UL>

<P><STRONG><a name="[104]"></a>timer2_config</STRONG> (Thumb, 158 bytes, Stack size 40 bytes, timer.o(i.timer2_config))
<BR><BR>[Stack]<UL><LI>Max Depth = 56<LI>Call Chain = timer2_config &rArr; NVIC_Init
</UL>
<BR>[Calls]<UL><LI><a href="#[cd]">&gt;&gt;</a>&nbsp;&nbsp;&nbsp;RCC_APB1PeriphClockCmd
<LI><a href="#[105]">&gt;&gt;</a>&nbsp;&nbsp;&nbsp;NVIC_PriorityGroupConfig
<LI><a href="#[b9]">&gt;&gt;</a>&nbsp;&nbsp;&nbsp;NVIC_Init
<LI><a href="#[106]">&gt;&gt;</a>&nbsp;&nbsp;&nbsp;TIM_TimeBaseStructInit
<LI><a href="#[107]">&gt;&gt;</a>&nbsp;&nbsp;&nbsp;TIM_TimeBaseInit
<LI><a href="#[108]">&gt;&gt;</a>&nbsp;&nbsp;&nbsp;TIM_SelectOutputTrigger
<LI><a href="#[109]">&gt;&gt;</a>&nbsp;&nbsp;&nbsp;TIM_OCStructInit
<LI><a href="#[10a]">&gt;&gt;</a>&nbsp;&nbsp;&nbsp;TIM_OC2Init
<LI><a href="#[91]">&gt;&gt;</a>&nbsp;&nbsp;&nbsp;TIM_DeInit
<LI><a href="#[10b]">&gt;&gt;</a>&nbsp;&nbsp;&nbsp;TIM_Cmd
<LI><a href="#[90]">&gt;&gt;</a>&nbsp;&nbsp;&nbsp;TIM_ClearFlag
</UL>
<BR>[Called By]<UL><LI><a href="#[f4]">&gt;&gt;</a>&nbsp;&nbsp;&nbsp;timer_init
</UL>

<P><STRONG><a name="[f4]"></a>timer_init</STRONG> (Thumb, 8 bytes, Stack size 8 bytes, timer.o(i.timer_init))
<BR><BR>[Stack]<UL><LI>Max Depth = 64<LI>Call Chain = timer_init &rArr; timer2_config &rArr; NVIC_Init
</UL>
<BR>[Calls]<UL><LI><a href="#[104]">&gt;&gt;</a>&nbsp;&nbsp;&nbsp;timer2_config
</UL>
<BR>[Called By]<UL><LI><a href="#[4d]">&gt;&gt;</a>&nbsp;&nbsp;&nbsp;main
</UL>

<P><STRONG><a name="[10c]"></a>uart2_config</STRONG> (Thumb, 146 bytes, Stack size 32 bytes, uart.o(i.uart2_config))
<BR><BR>[Stack]<UL><LI>Max Depth = 180<LI>Call Chain = uart2_config &rArr; USART_Init &rArr; RCC_GetClocksFreq
</UL>
<BR>[Calls]<UL><LI><a href="#[cd]">&gt;&gt;</a>&nbsp;&nbsp;&nbsp;RCC_APB1PeriphClockCmd
<LI><a href="#[105]">&gt;&gt;</a>&nbsp;&nbsp;&nbsp;NVIC_PriorityGroupConfig
<LI><a href="#[b9]">&gt;&gt;</a>&nbsp;&nbsp;&nbsp;NVIC_Init
<LI><a href="#[98]">&gt;&gt;</a>&nbsp;&nbsp;&nbsp;USART_Init
<LI><a href="#[10d]">&gt;&gt;</a>&nbsp;&nbsp;&nbsp;USART_ITConfig
<LI><a href="#[10f]">&gt;&gt;</a>&nbsp;&nbsp;&nbsp;USART_GetFlagStatus
<LI><a href="#[97]">&gt;&gt;</a>&nbsp;&nbsp;&nbsp;USART_DeInit
<LI><a href="#[10e]">&gt;&gt;</a>&nbsp;&nbsp;&nbsp;USART_Cmd
</UL>
<BR>[Called By]<UL><LI><a href="#[f5]">&gt;&gt;</a>&nbsp;&nbsp;&nbsp;uart2_init
</UL>

<P><STRONG><a name="[110]"></a>uart2_gpio_config</STRONG> (Thumb, 62 bytes, Stack size 16 bytes, uart.o(i.uart2_gpio_config))
<BR><BR>[Stack]<UL><LI>Max Depth = 36<LI>Call Chain = uart2_gpio_config &rArr; GPIO_PinAFConfig
</UL>
<BR>[Calls]<UL><LI><a href="#[7b]">&gt;&gt;</a>&nbsp;&nbsp;&nbsp;RCC_AHBPeriphClockCmd
<LI><a href="#[111]">&gt;&gt;</a>&nbsp;&nbsp;&nbsp;GPIO_PinAFConfig
<LI><a href="#[be]">&gt;&gt;</a>&nbsp;&nbsp;&nbsp;GPIO_Init
</UL>
<BR>[Called By]<UL><LI><a href="#[f5]">&gt;&gt;</a>&nbsp;&nbsp;&nbsp;uart2_init
</UL>

<P><STRONG><a name="[f5]"></a>uart2_init</STRONG> (Thumb, 12 bytes, Stack size 8 bytes, uart.o(i.uart2_init))
<BR><BR>[Stack]<UL><LI>Max Depth = 188<LI>Call Chain = uart2_init &rArr; uart2_config &rArr; USART_Init &rArr; RCC_GetClocksFreq
</UL>
<BR>[Calls]<UL><LI><a href="#[110]">&gt;&gt;</a>&nbsp;&nbsp;&nbsp;uart2_gpio_config
<LI><a href="#[10c]">&gt;&gt;</a>&nbsp;&nbsp;&nbsp;uart2_config
</UL>
<BR>[Called By]<UL><LI><a href="#[4d]">&gt;&gt;</a>&nbsp;&nbsp;&nbsp;main
</UL>

<P><STRONG><a name="[f9]"></a>uart_data_send</STRONG> (Thumb, 40 bytes, Stack size 16 bytes, uart.o(i.uart_data_send))
<BR><BR>[Stack]<UL><LI>Max Depth = 16<LI>Call Chain = uart_data_send
</UL>
<BR>[Calls]<UL><LI><a href="#[112]">&gt;&gt;</a>&nbsp;&nbsp;&nbsp;USART_SendData
<LI><a href="#[10f]">&gt;&gt;</a>&nbsp;&nbsp;&nbsp;USART_GetFlagStatus
</UL>
<BR>[Called By]<UL><LI><a href="#[fb]">&gt;&gt;</a>&nbsp;&nbsp;&nbsp;modbus_write_ack
<LI><a href="#[fa]">&gt;&gt;</a>&nbsp;&nbsp;&nbsp;modbus_read_ack
<LI><a href="#[f7]">&gt;&gt;</a>&nbsp;&nbsp;&nbsp;modbus_error_ask
</UL>
<P>
<H3>
Local Symbols
</H3>
<P><STRONG><a name="[8d]"></a>SetSysClock</STRONG> (Thumb, 230 bytes, Stack size 12 bytes, system_stm32f30x.o(i.SetSysClock))
<BR><BR>[Stack]<UL><LI>Max Depth = 12<LI>Call Chain = SetSysClock
</UL>
<BR>[Called By]<UL><LI><a href="#[4e]">&gt;&gt;</a>&nbsp;&nbsp;&nbsp;SystemInit
</UL>

<P><STRONG><a name="[ff]"></a>si2c_device_delay</STRONG> (Thumb, 22 bytes, Stack size 8 bytes, si2c.o(i.si2c_device_delay))
<BR><BR>[Stack]<UL><LI>Max Depth = 8<LI>Call Chain = si2c_device_delay
</UL>
<BR>[Called By]<UL><LI><a href="#[55]">&gt;&gt;</a>&nbsp;&nbsp;&nbsp;si2c_device_start
<LI><a href="#[59]">&gt;&gt;</a>&nbsp;&nbsp;&nbsp;si2c_device_send_ack
<LI><a href="#[5a]">&gt;&gt;</a>&nbsp;&nbsp;&nbsp;si2c_device_recive_ack
<LI><a href="#[56]">&gt;&gt;</a>&nbsp;&nbsp;&nbsp;si2c_devcie_stop
<LI><a href="#[103]">&gt;&gt;</a>&nbsp;&nbsp;&nbsp;si2c_device_write_bit
<LI><a href="#[100]">&gt;&gt;</a>&nbsp;&nbsp;&nbsp;si2c_device_read_bit
</UL>

<P><STRONG><a name="[100]"></a>si2c_device_read_bit</STRONG> (Thumb, 42 bytes, Stack size 16 bytes, si2c.o(i.si2c_device_read_bit))
<BR><BR>[Stack]<UL><LI>Max Depth = 24<LI>Call Chain = si2c_device_read_bit &rArr; si2c_device_delay
</UL>
<BR>[Calls]<UL><LI><a href="#[ea]">&gt;&gt;</a>&nbsp;&nbsp;&nbsp;GPIO_SetBits
<LI><a href="#[eb]">&gt;&gt;</a>&nbsp;&nbsp;&nbsp;GPIO_ResetBits
<LI><a href="#[101]">&gt;&gt;</a>&nbsp;&nbsp;&nbsp;GPIO_ReadInputDataBit
<LI><a href="#[ff]">&gt;&gt;</a>&nbsp;&nbsp;&nbsp;si2c_device_delay
</UL>
<BR>[Called By]<UL><LI><a href="#[58]">&gt;&gt;</a>&nbsp;&nbsp;&nbsp;sim_i2c_read_byte
</UL>

<P><STRONG><a name="[102]"></a>si2c_device_sda_mode_set</STRONG> (Thumb, 36 bytes, Stack size 24 bytes, si2c.o(i.si2c_device_sda_mode_set))
<BR><BR>[Stack]<UL><LI>Max Depth = 44<LI>Call Chain = si2c_device_sda_mode_set &rArr; GPIO_Init
</UL>
<BR>[Calls]<UL><LI><a href="#[be]">&gt;&gt;</a>&nbsp;&nbsp;&nbsp;GPIO_Init
</UL>
<BR>[Called By]<UL><LI><a href="#[58]">&gt;&gt;</a>&nbsp;&nbsp;&nbsp;sim_i2c_read_byte
<LI><a href="#[5a]">&gt;&gt;</a>&nbsp;&nbsp;&nbsp;si2c_device_recive_ack
</UL>

<P><STRONG><a name="[103]"></a>si2c_device_write_bit</STRONG> (Thumb, 52 bytes, Stack size 16 bytes, si2c.o(i.si2c_device_write_bit))
<BR><BR>[Stack]<UL><LI>Max Depth = 24<LI>Call Chain = si2c_device_write_bit &rArr; si2c_device_delay
</UL>
<BR>[Calls]<UL><LI><a href="#[ea]">&gt;&gt;</a>&nbsp;&nbsp;&nbsp;GPIO_SetBits
<LI><a href="#[eb]">&gt;&gt;</a>&nbsp;&nbsp;&nbsp;GPIO_ResetBits
<LI><a href="#[ff]">&gt;&gt;</a>&nbsp;&nbsp;&nbsp;si2c_device_delay
</UL>
<BR>[Called By]<UL><LI><a href="#[57]">&gt;&gt;</a>&nbsp;&nbsp;&nbsp;si2c_device_write_byte
</UL>
<P>
<H3>
Undefined Global Symbols
</H3><HR></body></html>
