<html>
<body>
<pre>
<h1>礦ision Build Log</h1>
<h2>Tool Versions:</h2>
IDE-Version: μVision V5.38.0.0
Copyright (C) 2022 ARM Ltd and ARM Germany GmbH. All rights reserved.
License Information: 123 123, 123, LIC=WHYH9-40GU1-567Q2-9XKTN-32TWP-8DLZT
 
Tool Versions:
Toolchain:       MDK-ARM Plus  Version: 5.38.0.0
Toolchain Path:  D:\Keil\Keil_v5_arm\ARM\ARMCC\Bin
C Compiler:      Armcc.exe V5.06 update 7 (build 960)
Assembler:       Armasm.exe V5.06 update 7 (build 960)
Linker/Locator:  ArmLink.exe V5.06 update 7 (build 960)
Library Manager: ArmAr.exe V5.06 update 7 (build 960)
Hex Converter:   FromElf.exe V5.06 update 7 (build 960)
CPU DLL:         SARMCM3.DLL V5.38.0.0
Dialog DLL:      DCM.DLL V1.17.5.0
Target DLL:      CMSIS_AGDI.dll V1.33.15.0
Dialog DLL:      TCM.DLL V1.56.4.0
 
<h2>Project:</h2>
E:\CFD\battery_info_collect_RJ\cjtl.uvprojx
Project File Date:  07/27/2025

<h2>Output:</h2>
*** Using Compiler 'V5.06 update 7 (build 960)', folder: 'D:\Keil\Keil_v5_arm\ARM\ARMCC\Bin'
Rebuild target 'Target 1'
assembling startup_stm32f30x.s...
compiling modbus.c...
compiling average_filter.c...
compiling crc8.c...
compiling main.c...
.\Hardware\flash.h(9): warning:  #47-D: incompatible redefinition of macro "FLASH_PAGE_SIZE"  (declared at line 21 of ".\App\config.h")
  #define FLASH_PAGE_SIZE			1024*2
App\main.c: 1 warning, 0 errors
compiling stm32f30x_it.c...
compiling cmd_list.c...
compiling console.c...
compiling fifo.c...
compiling stm32f30x_pwr.c...
compiling stm32f30x_syscfg.c...
compiling stm32f30x_wwdg.c...
compiling stm32f30x_usart.c...
compiling stm32f30x_iwdg.c...
compiling stm32f30x_dbgmcu.c...
compiling stm32f30x_dac.c...
compiling system_stm32f30x.c...
compiling stm32f30x_misc.c...
compiling timer.c...
compiling stm32f30x_gpio.c...
compiling led.c...
compiling stm32f30x_opamp.c...
compiling app_info.c...
compiling si2c.c...
compiling stm32f30x_dma.c...
compiling flash.c...
compiling stm32f30x_comp.c...
compiling GXHTC3.c...
compiling uart.c...
compiling dac.c...
compiling NTC.c...
compiling stm32f30x_adc.c...
compiling stm32f30x_rcc.c...
compiling stm32f30x_flash.c...
compiling gas.c...
Hardware\flash.h(9): warning:  #47-D: incompatible redefinition of macro "FLASH_PAGE_SIZE"  (declared at line 21 of ".\App\config.h")
  #define FLASH_PAGE_SIZE			1024*2
Hardware\gas.c(66): warning:  #177-D: variable "data"  was declared but never referenced
  		uint8_t *data = (uint8_t *)&gas_info.param;
Hardware\gas.c(67): warning:  #177-D: variable "len"  was declared but never referenced
  		uint16_t len = sizeof(gas_param_t);
Hardware\gas.c: 3 warnings, 0 errors
compiling iap.c...
compiling battery_info.c...
Hardware\battery_info.c(134): warning:  #1035-D: single-precision operand implicitly converted to double-precision
  	if(inres < 0.300){
Hardware\battery_info.c(167): warning:  #1035-D: single-precision operand implicitly converted to double-precision
  	if(v_h > 1.7){
Hardware\battery_info.c(168): warning:  #1035-D: single-precision operand implicitly converted to double-precision
  		v = (v_h - 1.65) * 12 + 1.65 - 0.05;
Hardware\battery_info.c(144): warning:  #177-D: variable "v2"  was declared but never referenced
  	uint16_t v1=0,v2=0,v_l_ad=0,v_h_ad=0;
Hardware\battery_info.c(144): warning:  #177-D: variable "v_l_ad"  was declared but never referenced
  	uint16_t v1=0,v2=0,v_l_ad=0,v_h_ad=0;
Hardware\battery_info.c(145): warning:  #177-D: variable "v_l"  was declared but never referenced
  	float v = 0,v_h=0,v_l=0,v_average;						//电池电压
Hardware\battery_info.c(145): warning:  #177-D: variable "v_average"  was declared but never referenced
  	float v = 0,v_h=0,v_l=0,v_average;						//电池电压
Hardware\battery_info.c(27): warning:  #550-D: variable "voltage"  was set but never used
  private static float voltage = 0;
Hardware\battery_info.c: 8 warnings, 0 errors
compiling adc.c...
compiling stm32f30x_can.c...
compiling serial.c...
compiling stm32f30x_tim.c...
compiling sysTask.c...
compiling system.c...
compiling systick.c...
linking...
Program Size: Code=22720 RO-data=2244 RW-data=312 ZI-data=16232  
FromELF: creating hex file...
After Build - User command #2: fromelf --bin -o "E:\CFD\battery_info_collect_RJ\Output\Objects\battery_info_collect.bin" "E:\CFD\battery_info_collect_RJ\Output\Objects\battery_info_collect.axf
".\Output\Objects\battery_info_collect.axf" - 0 Error(s), 12 Warning(s).

<h2>Software Packages used:</h2>

Package Vendor: Keil
                https://www.keil.com/pack/Keil.STM32F3xx_DFP.3.0.0.pack
                Keil.STM32F3xx_DFP.3.0.0
                STMicroelectronics STM32F3 Series Device Support

<h2>Collection of Component include folders:</h2>

<h2>Collection of Component Files used:</h2>
Build Time Elapsed:  00:00:06
</pre>
</body>
</html>
