<html>
<body>
<pre>
<h1>µVision Build Log</h1>
<h2>Tool Versions:</h2>
IDE-Version: ¦ÌVision V5.38.0.0
Copyright (C) 2022 ARM Ltd and ARM Germany GmbH. All rights reserved.
License Information: 123 123, 123, LIC=WHYH9-40GU1-567Q2-9XKTN-32TWP-8DLZT
 
Tool Versions:
Toolchain:       MDK-ARM Plus  Version: 5.38.0.0
Toolchain Path:  D:\Keil\Keil_v5_arm\ARM\ARMCC\Bin
C Compiler:      Armcc.exe V5.06 update 7 (build 960)
Assembler:       Armasm.exe V5.06 update 7 (build 960)
Linker/Locator:  ArmLink.exe V5.06 update 7 (build 960)
Library Manager: ArmAr.exe V5.06 update 7 (build 960)
Hex Converter:   FromElf.exe V5.06 update 7 (build 960)
CPU DLL:         SARMCM3.DLL V5.38.0.0
Dialog DLL:      DCM.DLL V1.17.5.0
Target DLL:      STLink\ST-LINKIII-KEIL_SWO.dll V3.1.0.0
Dialog DLL:      TCM.DLL V1.56.4.0
 
<h2>Project:</h2>
E:\CFD\battery_info_collect_RJ\cjtl.uvprojx
Project File Date:  07/13/2025

<h2>Output:</h2>
*** Using Compiler 'V5.06 update 7 (build 960)', folder: 'D:\Keil\Keil_v5_arm\ARM\ARMCC\Bin'
Rebuild target 'Target 1'
assembling startup_stm32f30x.s...
compiling main.c...
compiling iap.c...
compiling average_filter.c...
compiling crc8.c...
compiling stm32f30x_can.c...
compiling modbus.c...
compiling si2c.c...
compiling stm32f30x_dbgmcu.c...
compiling led.c...
compiling system_stm32f30x.c...
compiling cmd_list.c...
compiling dac.c...
Hardware\dac.c(52): warning:  #177-D: variable "NVIC_InitStructure"  was declared but never referenced
  	NVIC_InitTypeDef 		NVIC_InitStructure; 
Hardware\dac.c: 1 warning, 0 errors
compiling console.c...
compiling fifo.c...
compiling stm32f30x_wwdg.c...
compiling stm32f30x_dac.c...
compiling stm32f30x_comp.c...
compiling stm32f30x_flash.c...
compiling stm32f30x_misc.c...
compiling stm32f30x_opamp.c...
compiling uart.c...
compiling stm32f30x_adc.c...
compiling stm32f30x_it.c...
compiling stm32f30x_dma.c...
compiling stm32f30x_syscfg.c...
compiling stm32f30x_usart.c...
compiling stm32f30x_gpio.c...
compiling GXHTC3.c...
compiling stm32f30x_iwdg.c...
compiling battery_info.c...
compiling timer.c...
compiling flash.c...
compiling stm32f30x_rcc.c...
compiling adc.c...
compiling NTC.c...
compiling gas.c...
compiling stm32f30x_pwr.c...
compiling stm32f30x_tim.c...
compiling serial.c...
compiling sysTask.c...
compiling system.c...
compiling systick.c...
linking...
Program Size: Code=20096 RO-data=2016 RW-data=228 ZI-data=11420  
FromELF: creating hex file...
After Build - User command #2: fromelf --bin -o "E:\CFD\battery_info_collect_RJ\Output\Objects\battery_info_collect.bin" "E:\CFD\battery_info_collect_RJ\Output\Objects\battery_info_collect.axf
".\Output\Objects\battery_info_collect.axf" - 0 Error(s), 1 Warning(s).

<h2>Software Packages used:</h2>

Package Vendor: Keil
                https://www.keil.com/pack/Keil.STM32F3xx_DFP.3.0.0.pack
                Keil.STM32F3xx_DFP.3.0.0
                STMicroelectronics STM32F3 Series Device Support

<h2>Collection of Component include folders:</h2>

<h2>Collection of Component Files used:</h2>
Build Time Elapsed:  00:00:04
</pre>
</body>
</html>
