<html>
<body>
<pre>
<h1>µVision Build Log</h1>
<h2>Tool Versions:</h2>
IDE-Version: ¶ÃVision V5.38.0.0
Copyright (C) 2022 ARM Ltd and ARM Germany GmbH. All rights reserved.
License Information: 123 123, 123, LIC=WHYH9-40GU1-567Q2-9XKTN-32TWP-8DLZT
 
Tool Versions:
Toolchain:       MDK-ARM Plus  Version: 5.38.0.0
Toolchain Path:  D:\Keil\Keil_v5_arm\ARM\ARMCC\Bin
C Compiler:      Armcc.exe V5.06 update 7 (build 960)
Assembler:       Armasm.exe V5.06 update 7 (build 960)
Linker/Locator:  ArmLink.exe V5.06 update 7 (build 960)
Library Manager: ArmAr.exe V5.06 update 7 (build 960)
Hex Converter:   FromElf.exe V5.06 update 7 (build 960)
CPU DLL:         SARMCM3.DLL V5.38.0.0
Dialog DLL:      DCM.DLL V1.17.5.0
Target DLL:      STLink\ST-LINKIII-KEIL_SWO.dll V3.1.0.0
Dialog DLL:      TCM.DLL V1.56.4.0
 
<h2>Project:</h2>
E:\CFD\battery_info_collect_RJ\cjtl.uvprojx
Project File Date:  07/06/2025

<h2>Output:</h2>
*** Using Compiler 'V5.06 update 7 (build 960)', folder: 'D:\Keil\Keil_v5_arm\ARM\ARMCC\Bin'
Rebuild target 'Target 1'
assembling startup_stm32f30x.s...
compiling can.c...
compiling mcu_init.c...
compiling stm32f30x_adc.c...
compiling main.c...
.\System\system.h(15): warning:  #47-D: incompatible redefinition of macro "NULL"  (declared at line 72 of "D:\Keil\Keil_v5_arm\ARM\ARMCC\Bin\..\include\stdlib.h")
  #define NULL	((void *)(0))
.\Hardware\flash_bsp.h(9): warning:  #47-D: incompatible redefinition of macro "FLASH_PAGE_SIZE"  (declared at line 21 of ".\App\config.h")
  #define FLASH_PAGE_SIZE         ((uint32_t)0x00000800)
App\main.c: 2 warnings, 0 errors
compiling stm32f30x_gpio.c...
compiling modbus.c...
compiling stm32f30x_comp.c...
compiling stm32f30x_misc.c...
compiling stm32f30x_dbgmcu.c...
compiling stm32f30x_dma.c...
compiling stm32f30x_i2c.c...
compiling stm32f30x_spi.c...
compiling stm32f30x_syscfg.c...
compiling stm32f30x_iwdg.c...
compiling stm32f30x_pwr.c...
compiling stm32f30x_opamp.c...
compiling stm32f30x_exti.c...
compiling stm32f30x_crc.c...
compiling gxht30.c...
Hardware\gxht30.c(32): warning:  #550-D: variable "temp1_ckc"  was set but never used
      uint16_t temp1_ckc, temp2_ckc;
Hardware\gxht30.c(32): warning:  #550-D: variable "temp2_ckc"  was set but never used
      uint16_t temp1_ckc, temp2_ckc;
Hardware\gxht30.c: 2 warnings, 0 errors
compiling stm32f30x_dac.c...
compiling stm32f30x_usart.c...
compiling stm32f30x_rcc.c...
compiling stm32f30x_fmc.c...
compiling stm32f30x_hrtim.c...
compiling system_stm32f30x.c...
compiling i2c_gpio.c...
compiling stm32f30x_it.c...
App\stm32f30x_it.c(197): warning:  #177-D: variable "j"  was declared but never referenced
  		static uint8_t j = 0,i = 0;
App\stm32f30x_it.c(197): warning:  #177-D: variable "i"  was declared but never referenced
  		static uint8_t j = 0,i = 0;
App\stm32f30x_it.c(179): warning:  #177-D: variable "adc_flag"  was declared but never referenced
  static bool adc_flag = true;
App\stm32f30x_it.c(181): warning:  #177-D: variable "AdcStartFlag"  was declared but never referenced
  static bool AdcStartFlag = false;
App\stm32f30x_it.c: 4 warnings, 0 errors
compiling dac.c...
compiling stm32f30x_wwdg.c...
compiling stm32f30x_flash.c...
compiling cmd_list.c...
compiling flash_bsp.c...
.\System\system.h(15): warning:  #47-D: incompatible redefinition of macro "NULL"  (declared at line 72 of "D:\Keil\Keil_v5_arm\ARM\ARMCC\Bin\..\include\stdlib.h")
  #define NULL	((void *)(0))
Hardware\flash_bsp.h(9): warning:  #47-D: incompatible redefinition of macro "FLASH_PAGE_SIZE"  (declared at line 21 of ".\App\config.h")
  #define FLASH_PAGE_SIZE         ((uint32_t)0x00000800)
Hardware\flash_bsp.c: 2 warnings, 0 errors
compiling gas.c...
.\System\system.h(15): warning:  #47-D: incompatible redefinition of macro "NULL"  (declared at line 56 of "D:\Keil\Keil_v5_arm\ARM\ARMCC\Bin\..\include\string.h")
  #define NULL	((void *)(0))
.\Hardware\flash_bsp.h(9): warning:  #47-D: incompatible redefinition of macro "FLASH_PAGE_SIZE"  (declared at line 21 of "App\config.h")
  #define FLASH_PAGE_SIZE         ((uint32_t)0x00000800)
App\gas.c: 2 warnings, 0 errors
compiling GZP6816D.c...
Hardware\GZP6816D.c(271): warning:  #1035-D: single-precision operand implicitly converted to double-precision
  		pressure_pa = (unsigned long) (pressure_kpa * 1000.0);							//Âçï‰ΩçÔºöPa
Hardware\GZP6816D.c: 1 warning, 0 errors
compiling adc.c...
.\System\system.h(15): warning:  #47-D: incompatible redefinition of macro "NULL"  (declared at line 72 of "D:\Keil\Keil_v5_arm\ARM\ARMCC\Bin\..\include\stdlib.h")
  #define NULL	((void *)(0))
Hardware\adc.c(65): warning:  #177-D: variable "NVIC_InitStructure"  was declared but never referenced
  	NVIC_InitTypeDef    NVIC_InitStructure;
Hardware\adc.c: 2 warnings, 0 errors
compiling stm32f30x_can.c...
compiling stm32f30x_rtc.c...
compiling stm32f30x_tim.c...
compiling led.c...
compiling timer.c...
compiling uart.c...
compiling console.c...
compiling fifo.c...
compiling fft.c...
Hardware\fft.c(128): warning:  #940-D: missing return statement at end of non-void function "fft_run" 
  }
Hardware\fft.c(100): warning:  #177-D: variable "fft_1khz"  was declared but never referenced
  	float fft_1khz = 0;
Hardware\fft.c(12): warning:  #550-D: variable "fft_hanning_window"  was set but never used
  static float fft_hanning_window[FFT_WINDOW_SIZE];
Hardware\fft.c: 3 warnings, 0 errors
compiling sysTask.c...
compiling serial.c...
compiling system.c...
compiling systick.c...
linking...
Program Size: Code=29808 RO-data=1416 RW-data=268 ZI-data=29548  
FromELF: creating hex file...
After Build - User command #2: fromelf --bin -o "E:\CFD\battery_info_collect_RJ\Objects\cjtl.bin" "E:\CFD\battery_info_collect_RJ\Objects\cjtl.axf
".\Objects\cjtl.axf" - 0 Error(s), 18 Warning(s).

<h2>Software Packages used:</h2>

Package Vendor: Keil
                https://www.keil.com/pack/Keil.STM32F3xx_DFP.3.0.0.pack
                Keil.STM32F3xx_DFP.3.0.0
                STMicroelectronics STM32F3 Series Device Support

<h2>Collection of Component include folders:</h2>

<h2>Collection of Component Files used:</h2>
Build Time Elapsed:  00:00:07
</pre>
</body>
</html>
